[www.siloamhospitals.com/index.html]
[backblue.gif]
[fade.gif]
[index.html]
[app.midtrans.com/snap/snap.js]
[www.siloamhospitals.com/assets/index-babce878.js]
[www.siloamhospitals.com/assets/vendor-4bbde3a5.js]
[www.siloamhospitals.com/assets/index-54554b4d.css]
[www.siloamhospitals.com/ak.html]
[www.siloamhospitals.com/ak-2.html]
[www.siloamhospitals.com/index.html]
[www.googletagmanager.com/gtm5445.html]
[www.siloamhospitals.com/assets/xx-972e0781.svg]
[www.siloamhospitals.com/assets/xx-e2d258c5.svg]
[www.siloamhospitals.com/assets/ad-e411c81d.svg]
[www.siloamhospitals.com/assets/ad-399354a9.svg]
[www.siloamhospitals.com/assets/ae-e646ea13.svg]
[www.siloamhospitals.com/assets/ae-534fefed.svg]
[www.siloamhospitals.com/assets/af-318f28f1.svg]
[www.siloamhospitals.com/assets/af-6c420329.svg]
[www.siloamhospitals.com/assets/ag-7cc7d9ec.svg]
[www.siloamhospitals.com/assets/ag-2760f340.svg]
[www.siloamhospitals.com/assets/ai-2113432b.svg]
[www.siloamhospitals.com/assets/ai-61c43adb.svg]
[www.siloamhospitals.com/assets/al-f9b79f25.svg]
[www.siloamhospitals.com/assets/al-2253bcd8.svg]
[www.siloamhospitals.com/assets/am-efb6cdaa.svg]
[www.siloamhospitals.com/assets/am-57edcffa.svg]
[www.siloamhospitals.com/assets/ao-3c52ff53.svg]
[www.siloamhospitals.com/assets/ao-a296c39c.svg]
[www.siloamhospitals.com/assets/aq-454424bf.svg]
[www.siloamhospitals.com/assets/aq-733794b7.svg]
[www.siloamhospitals.com/assets/ar-49a0084b.svg]
[www.siloamhospitals.com/assets/ar-92dd89b1.svg]
[www.siloamhospitals.com/assets/as-a9ea837d.svg]
[www.siloamhospitals.com/assets/as-0af12c4a.svg]
[www.siloamhospitals.com/assets/at-2754ed2f.svg]
[www.siloamhospitals.com/assets/at-9152f136.svg]
[www.siloamhospitals.com/assets/au-6cf0b0da.svg]
[www.siloamhospitals.com/assets/au-01aa7963.svg]
[www.siloamhospitals.com/assets/aw-5e136f5b.svg]
[www.siloamhospitals.com/assets/aw-0379172e.svg]
[www.siloamhospitals.com/assets/ax-e2162713.svg]
[www.siloamhospitals.com/assets/ax-140f94bb.svg]
[www.siloamhospitals.com/assets/az-b942e12d.svg]
[www.siloamhospitals.com/assets/az-fef5c465.svg]
[www.siloamhospitals.com/assets/ba-7fe2acc6.svg]
[www.siloamhospitals.com/assets/ba-f7fbd614.svg]
[www.siloamhospitals.com/assets/bb-beaf3ae6.svg]
[www.siloamhospitals.com/assets/bb-20bd0c90.svg]
[www.siloamhospitals.com/assets/bd-1aabb4a7.svg]
[www.siloamhospitals.com/assets/bd-90f8f20e.svg]
[www.siloamhospitals.com/assets/be-42f09ed6.svg]
[www.siloamhospitals.com/assets/be-a2f62b54.svg]
[www.siloamhospitals.com/assets/bf-606b17ad.svg]
[www.siloamhospitals.com/assets/bf-62cdc2bd.svg]
[www.siloamhospitals.com/assets/bg-a2282477.svg]
[www.siloamhospitals.com/assets/bg-40e29b66.svg]
[www.siloamhospitals.com/assets/bh-7a519f58.svg]
[www.siloamhospitals.com/assets/bh-102fe27e.svg]
[www.siloamhospitals.com/assets/bi-3e1ff149.svg]
[www.siloamhospitals.com/assets/bi-46ceb5f8.svg]
[www.siloamhospitals.com/assets/bj-6f5043b4.svg]
[www.siloamhospitals.com/assets/bj-ab7b5a85.svg]
[www.siloamhospitals.com/assets/bl-5da1d4f8.svg]
[www.siloamhospitals.com/assets/bl-025f596f.svg]
[www.siloamhospitals.com/assets/bm-def86a14.svg]
[www.siloamhospitals.com/assets/bm-d0a9f672.svg]
[www.siloamhospitals.com/assets/bn-07740542.svg]
[www.siloamhospitals.com/assets/bn-db17f97a.svg]
[www.siloamhospitals.com/assets/bo-63594b20.svg]
[www.siloamhospitals.com/assets/bo-4806a8c7.svg]
[www.siloamhospitals.com/assets/bq-23881e6c.svg]
[www.siloamhospitals.com/assets/bq-83723941.svg]
[www.siloamhospitals.com/assets/br-fc872e71.svg]
[www.siloamhospitals.com/assets/br-ce7e334e.svg]
[www.siloamhospitals.com/assets/bs-90305318.svg]
[www.siloamhospitals.com/assets/bs-ee46721d.svg]
[www.siloamhospitals.com/assets/bt-dc7fe8fa.svg]
[www.siloamhospitals.com/assets/bt-84e84171.svg]
[www.siloamhospitals.com/assets/bv-03917bba.svg]
[www.siloamhospitals.com/assets/bv-091fb966.svg]
[www.siloamhospitals.com/assets/bw-1fc9322c.svg]
[www.siloamhospitals.com/assets/bw-e1e15926.svg]
[www.siloamhospitals.com/assets/by-b0ac20fe.svg]
[www.siloamhospitals.com/assets/by-c74090d5.svg]
[www.siloamhospitals.com/assets/bz-c57817a5.svg]
[www.siloamhospitals.com/assets/bz-4085bcd0.svg]
[www.siloamhospitals.com/assets/ca-73bd9657.svg]
[www.siloamhospitals.com/assets/ca-5e8736c4.svg]
[www.siloamhospitals.com/assets/cc-f4e9b00e.svg]
[www.siloamhospitals.com/assets/cc-eec3b923.svg]
[www.siloamhospitals.com/assets/cd-23f049df.svg]
[www.siloamhospitals.com/assets/cd-620c7263.svg]
[www.siloamhospitals.com/assets/cf-cd11e360.svg]
[www.siloamhospitals.com/assets/cf-3c6b6c0b.svg]
[www.siloamhospitals.com/assets/cg-f8467d04.svg]
[www.siloamhospitals.com/assets/cg-66f98bc1.svg]
[www.siloamhospitals.com/assets/ch-ac676cd3.svg]
[www.siloamhospitals.com/assets/ch-be4b8257.svg]
[www.siloamhospitals.com/assets/ci-4ecfea70.svg]
[www.siloamhospitals.com/assets/ci-c3f20b8e.svg]
[www.siloamhospitals.com/assets/ck-b17c039f.svg]
[www.siloamhospitals.com/assets/ck-e5457495.svg]
[www.siloamhospitals.com/assets/cl-bde5c7c2.svg]
[www.siloamhospitals.com/assets/cl-dc9bc06f.svg]
[www.siloamhospitals.com/assets/cm-db88be4b.svg]
[www.siloamhospitals.com/assets/cm-f351617f.svg]
[www.siloamhospitals.com/assets/cn-c1f22841.svg]
[www.siloamhospitals.com/assets/cn-9f7f1ab6.svg]
[www.siloamhospitals.com/assets/co-6bab3c96.svg]
[www.siloamhospitals.com/assets/co-596558a2.svg]
[www.siloamhospitals.com/assets/cr-4775ef01.svg]
[www.siloamhospitals.com/assets/cr-b70b33c4.svg]
[www.siloamhospitals.com/assets/cu-f7f44c3e.svg]
[www.siloamhospitals.com/assets/cu-5bd635ae.svg]
[www.siloamhospitals.com/assets/cv-237307fe.svg]
[www.siloamhospitals.com/assets/cv-a855505a.svg]
[www.siloamhospitals.com/assets/cw-929063b2.svg]
[www.siloamhospitals.com/assets/cw-a689736d.svg]
[www.siloamhospitals.com/assets/cx-8c09357b.svg]
[www.siloamhospitals.com/assets/cx-81387568.svg]
[www.siloamhospitals.com/assets/cy-aa9b4c30.svg]
[www.siloamhospitals.com/assets/cy-ed929efd.svg]
[www.siloamhospitals.com/assets/cz-d601fcc2.svg]
[www.siloamhospitals.com/assets/cz-5a462b5f.svg]
[www.siloamhospitals.com/assets/de-7318c9aa.svg]
[www.siloamhospitals.com/assets/de-d5f40046.svg]
[www.siloamhospitals.com/assets/dj-0a60922e.svg]
[www.siloamhospitals.com/assets/dj-7baede08.svg]
[www.siloamhospitals.com/assets/dk-d2847c0b.svg]
[www.siloamhospitals.com/assets/dk-4d7c9c44.svg]
[www.siloamhospitals.com/assets/dm-5758b806.svg]
[www.siloamhospitals.com/assets/dm-4ac56c6b.svg]
[www.siloamhospitals.com/assets/do-6722b711.svg]
[www.siloamhospitals.com/assets/do-d0790bb3.svg]
[www.siloamhospitals.com/assets/dz-9ea0cf93.svg]
[www.siloamhospitals.com/assets/dz-73f56cc7.svg]
[www.siloamhospitals.com/assets/ec-73be1a4b.svg]
[www.siloamhospitals.com/assets/ec-c1196d0f.svg]
[www.siloamhospitals.com/assets/ee-1c30ac2c.svg]
[www.siloamhospitals.com/assets/ee-733a082e.svg]
[www.siloamhospitals.com/assets/eg-bc19c9ba.svg]
[www.siloamhospitals.com/assets/eg-60288e26.svg]
[www.siloamhospitals.com/assets/eh-5661bb32.svg]
[www.siloamhospitals.com/assets/eh-cd0c4d05.svg]
[www.siloamhospitals.com/assets/er-21cdc1d1.svg]
[www.siloamhospitals.com/assets/er-6e90ebb6.svg]
[www.siloamhospitals.com/assets/es-6fe80291.svg]
[www.siloamhospitals.com/assets/es-edd3ba17.svg]
[www.siloamhospitals.com/assets/et-b2239ad7.svg]
[www.siloamhospitals.com/assets/et-25b637b7.svg]
[www.siloamhospitals.com/assets/fi-012edd98.svg]
[www.siloamhospitals.com/assets/fi-f4064089.svg]
[www.siloamhospitals.com/assets/fj-f8b5b752.svg]
[www.siloamhospitals.com/assets/fj-0243d39f.svg]
[www.siloamhospitals.com/assets/fk-4862e30d.svg]
[www.siloamhospitals.com/assets/fk-398be37e.svg]
[www.siloamhospitals.com/assets/fm-07fe66ad.svg]
[www.siloamhospitals.com/assets/fm-f7906ddc.svg]
[www.siloamhospitals.com/assets/fo-87270006.svg]
[www.siloamhospitals.com/assets/fo-9b46d4a8.svg]
[www.siloamhospitals.com/assets/fr-c19557a7.svg]
[www.siloamhospitals.com/assets/fr-0d02622a.svg]
[www.siloamhospitals.com/assets/ga-f7b775c4.svg]
[www.siloamhospitals.com/assets/ga-cb2951db.svg]
[www.siloamhospitals.com/assets/gb-51a8613a.svg]
[www.siloamhospitals.com/assets/gb-4b739ae8.svg]
[www.siloamhospitals.com/assets/gd-495e20bd.svg]
[www.siloamhospitals.com/assets/gd-b8fdff46.svg]
[www.siloamhospitals.com/assets/ge-e9d0f108.svg]
[www.siloamhospitals.com/assets/ge-9f2584df.svg]
[www.siloamhospitals.com/assets/gf-53afc127.svg]
[www.siloamhospitals.com/assets/gf-56168b44.svg]
[www.siloamhospitals.com/assets/gg-3457d341.svg]
[www.siloamhospitals.com/assets/gg-f6ec0e51.svg]
[www.siloamhospitals.com/assets/gh-86635202.svg]
[www.siloamhospitals.com/assets/gh-4afd4198.svg]
[www.siloamhospitals.com/assets/gi-05d68008.svg]
[www.siloamhospitals.com/assets/gi-053a0a90.svg]
[www.siloamhospitals.com/assets/gl-15a60b07.svg]
[www.siloamhospitals.com/assets/gl-debe7773.svg]
[www.siloamhospitals.com/assets/gm-26a1fd6b.svg]
[www.siloamhospitals.com/assets/gm-726e760b.svg]
[www.siloamhospitals.com/assets/gn-ee01e7dd.svg]
[www.siloamhospitals.com/assets/gn-8d20e686.svg]
[www.siloamhospitals.com/assets/gp-22ae75ed.svg]
[www.siloamhospitals.com/assets/gp-5b6e2777.svg]
[www.siloamhospitals.com/assets/gq-be2561d6.svg]
[www.siloamhospitals.com/assets/gq-a3bf98e3.svg]
[www.siloamhospitals.com/assets/gr-a184070f.svg]
[www.siloamhospitals.com/assets/gr-a4519d98.svg]
[www.siloamhospitals.com/assets/gs-fd6ad76e.svg]
[www.siloamhospitals.com/assets/gs-dcac009d.svg]
[www.siloamhospitals.com/assets/gt-53d6bd19.svg]
[www.siloamhospitals.com/assets/gt-cb60868c.svg]
[www.siloamhospitals.com/assets/gu-865d2c85.svg]
[www.siloamhospitals.com/assets/gu-0fc8abf7.svg]
[www.siloamhospitals.com/assets/gw-9383444c.svg]
[www.siloamhospitals.com/assets/gw-35d8c841.svg]
[www.siloamhospitals.com/assets/gy-81301929.svg]
[www.siloamhospitals.com/assets/gy-97253f86.svg]
[www.siloamhospitals.com/assets/hk-3925e785.svg]
[www.siloamhospitals.com/assets/hk-89b05a22.svg]
[www.siloamhospitals.com/assets/hm-962e9410.svg]
[www.siloamhospitals.com/assets/hm-3c45173f.svg]
[www.siloamhospitals.com/assets/hn-f7828d93.svg]
[www.siloamhospitals.com/assets/hn-2b4bafff.svg]
[www.siloamhospitals.com/assets/hr-c853a9f1.svg]
[www.siloamhospitals.com/assets/hr-a6187e3f.svg]
[www.siloamhospitals.com/assets/ht-9877b482.svg]
[www.siloamhospitals.com/assets/ht-84187767.svg]
[www.siloamhospitals.com/assets/hu-ffc4edd5.svg]
[www.siloamhospitals.com/assets/hu-9e6bc6d7.svg]
[www.siloamhospitals.com/assets/id-5cd3acc4.svg]
[www.siloamhospitals.com/assets/id-b8cd30f2.svg]
[www.siloamhospitals.com/assets/ie-f82568d7.svg]
[www.siloamhospitals.com/assets/ie-860168f5.svg]
[www.siloamhospitals.com/assets/il-a9c90b0c.svg]
[www.siloamhospitals.com/assets/il-0004f90f.svg]
[www.siloamhospitals.com/assets/im-bf7e365b.svg]
[www.siloamhospitals.com/assets/im-56a6eed5.svg]
[www.siloamhospitals.com/assets/in-24cd1522.svg]
[www.siloamhospitals.com/assets/in-9a372951.svg]
[www.siloamhospitals.com/assets/io-73b9748a.svg]
[www.siloamhospitals.com/assets/io-547920b7.svg]
[www.siloamhospitals.com/assets/iq-798e6f15.svg]
[www.siloamhospitals.com/assets/iq-591149b8.svg]
[www.siloamhospitals.com/assets/ir-0473dddb.svg]
[www.siloamhospitals.com/assets/ir-0d921dd5.svg]
[www.siloamhospitals.com/assets/is-eec3f1e9.svg]
[www.siloamhospitals.com/assets/is-33111797.svg]
[www.siloamhospitals.com/assets/it-9fa88118.svg]
[www.siloamhospitals.com/assets/it-03086f2e.svg]
[www.siloamhospitals.com/assets/je-6a220774.svg]
[www.siloamhospitals.com/assets/je-38af9b35.svg]
[www.siloamhospitals.com/assets/jm-61441775.svg]
[www.siloamhospitals.com/assets/jm-a556453f.svg]
[www.siloamhospitals.com/assets/jo-844439f2.svg]
[www.siloamhospitals.com/assets/jo-5cef1493.svg]
[www.siloamhospitals.com/assets/jp-48cbe3d7.svg]
[www.siloamhospitals.com/assets/jp-d1182a34.svg]
[www.siloamhospitals.com/assets/ke-be4fa3bd.svg]
[www.siloamhospitals.com/assets/ke-ec022d0b.svg]
[www.siloamhospitals.com/assets/kg-d9788d16.svg]
[www.siloamhospitals.com/assets/kg-bc5fb7c3.svg]
[www.siloamhospitals.com/assets/kh-53ac72c8.svg]
[www.siloamhospitals.com/assets/kh-d4e0c527.svg]
[www.siloamhospitals.com/assets/ki-9c323e29.svg]
[www.siloamhospitals.com/assets/ki-c275fe86.svg]
[www.siloamhospitals.com/assets/km-467ca3de.svg]
[www.siloamhospitals.com/assets/km-d84d85a0.svg]
[www.siloamhospitals.com/assets/kn-033a17ff.svg]
[www.siloamhospitals.com/assets/kn-a57a8e10.svg]
[www.siloamhospitals.com/assets/kp-536277a9.svg]
[www.siloamhospitals.com/assets/kp-7495f008.svg]
[www.siloamhospitals.com/assets/kr-268e0a2d.svg]
[www.siloamhospitals.com/assets/kr-f4369bf4.svg]
[www.siloamhospitals.com/assets/kw-0a98e54b.svg]
[www.siloamhospitals.com/assets/kw-c976ecde.svg]
[www.siloamhospitals.com/assets/ky-6b48ca73.svg]
[www.siloamhospitals.com/assets/ky-762191bf.svg]
[www.siloamhospitals.com/assets/kz-5106f76e.svg]
[www.siloamhospitals.com/assets/kz-cba65c56.svg]
[www.siloamhospitals.com/assets/la-e9e3ae6b.svg]
[www.siloamhospitals.com/assets/la-012421df.svg]
[www.siloamhospitals.com/assets/lb-8fa85ea1.svg]
[www.siloamhospitals.com/assets/lb-727faae7.svg]
[www.siloamhospitals.com/assets/lc-525ad8c3.svg]
[www.siloamhospitals.com/assets/lc-539914cb.svg]
[www.siloamhospitals.com/assets/li-c312a745.svg]
[www.siloamhospitals.com/assets/li-3694c865.svg]
[www.siloamhospitals.com/assets/lk-f54e3c5a.svg]
[www.siloamhospitals.com/assets/lk-8e2d1942.svg]
[www.siloamhospitals.com/assets/lr-2521f360.svg]
[www.siloamhospitals.com/assets/lr-a75c0e30.svg]
[www.siloamhospitals.com/assets/ls-9491616e.svg]
[www.siloamhospitals.com/assets/ls-d59e8226.svg]
[www.siloamhospitals.com/assets/lt-dc040199.svg]
[www.siloamhospitals.com/assets/lt-8ef0e9cb.svg]
[www.siloamhospitals.com/assets/lu-a6c17cd0.svg]
[www.siloamhospitals.com/assets/lu-965964b5.svg]
[www.siloamhospitals.com/assets/lv-15d4e812.svg]
[www.siloamhospitals.com/assets/lv-f4e0567e.svg]
[www.siloamhospitals.com/assets/ly-9f3bec18.svg]
[www.siloamhospitals.com/assets/ly-167e6177.svg]
[www.siloamhospitals.com/assets/ma-28cfcdec.svg]
[www.siloamhospitals.com/assets/ma-8f1a0be2.svg]
[www.siloamhospitals.com/assets/mc-690c23fe.svg]
[www.siloamhospitals.com/assets/mc-c3aaba7e.svg]
[www.siloamhospitals.com/assets/md-ae4fd022.svg]
[www.siloamhospitals.com/assets/md-e678dd90.svg]
[www.siloamhospitals.com/assets/me-73f05f92.svg]
[www.siloamhospitals.com/assets/me-8d3f7f89.svg]
[www.siloamhospitals.com/assets/mf-81f598ea.svg]
[www.siloamhospitals.com/assets/mf-8d6fb31e.svg]
[www.siloamhospitals.com/assets/mg-59246c21.svg]
[www.siloamhospitals.com/assets/mg-f16ffe66.svg]
[www.siloamhospitals.com/assets/mh-f4d41b34.svg]
[www.siloamhospitals.com/assets/mh-7bd55f27.svg]
[www.siloamhospitals.com/assets/mk-22488dc8.svg]
[www.siloamhospitals.com/assets/mk-8faba052.svg]
[www.siloamhospitals.com/assets/ml-49e84081.svg]
[www.siloamhospitals.com/assets/ml-34021383.svg]
[www.siloamhospitals.com/assets/mm-02b92ceb.svg]
[www.siloamhospitals.com/assets/mm-24ae103d.svg]
[www.siloamhospitals.com/assets/mn-0d3973cf.svg]
[www.siloamhospitals.com/assets/mn-9b39f1b9.svg]
[www.siloamhospitals.com/assets/mo-f23114c3.svg]
[www.siloamhospitals.com/assets/mo-42ae5ab4.svg]
[www.siloamhospitals.com/assets/mp-ede556ff.svg]
[www.siloamhospitals.com/assets/mp-0072e467.svg]
[www.siloamhospitals.com/assets/mq-4b09348a.svg]
[www.siloamhospitals.com/assets/mq-c8b2e579.svg]
[www.siloamhospitals.com/assets/mr-1fe95778.svg]
[www.siloamhospitals.com/assets/mr-c106d19e.svg]
[www.siloamhospitals.com/assets/ms-62f315e0.svg]
[www.siloamhospitals.com/assets/ms-3ec666d9.svg]
[www.siloamhospitals.com/assets/mt-5b9d6101.svg]
[www.siloamhospitals.com/assets/mt-ae7e5df1.svg]
[www.siloamhospitals.com/assets/mu-51f86810.svg]
[www.siloamhospitals.com/assets/mu-3a73b077.svg]
[www.siloamhospitals.com/assets/mv-5546d527.svg]
[www.siloamhospitals.com/assets/mv-ecc358a3.svg]
[www.siloamhospitals.com/assets/mw-2a3cc640.svg]
[www.siloamhospitals.com/assets/mw-18dfe0c3.svg]
[www.siloamhospitals.com/assets/mx-64553d6b.svg]
[www.siloamhospitals.com/assets/mx-e5a0dc8c.svg]
[www.siloamhospitals.com/assets/my-e37ec1b0.svg]
[www.siloamhospitals.com/assets/my-4910911e.svg]
[www.siloamhospitals.com/assets/mz-c087cb47.svg]
[www.siloamhospitals.com/assets/mz-8c3ebb36.svg]
[www.siloamhospitals.com/assets/na-80df4b01.svg]
[www.siloamhospitals.com/assets/na-fbbde88c.svg]
[www.siloamhospitals.com/assets/nc-cff3afeb.svg]
[www.siloamhospitals.com/assets/nc-8b7ef8a4.svg]
[www.siloamhospitals.com/assets/ne-4b91653d.svg]
[www.siloamhospitals.com/assets/ne-c92686fc.svg]
[www.siloamhospitals.com/assets/nf-9cf4bf10.svg]
[www.siloamhospitals.com/assets/nf-d458b917.svg]
[www.siloamhospitals.com/assets/ng-b7a2a45a.svg]
[www.siloamhospitals.com/assets/ng-a41dbb75.svg]
[www.siloamhospitals.com/assets/ni-23bfeacd.svg]
[www.siloamhospitals.com/assets/ni-1d464374.svg]
[www.siloamhospitals.com/assets/nl-54b194d9.svg]
[www.siloamhospitals.com/assets/nl-a8b56f7d.svg]
[www.siloamhospitals.com/assets/no-ceea17af.svg]
[www.siloamhospitals.com/assets/no-55fc1564.svg]
[www.siloamhospitals.com/assets/np-ecab347b.svg]
[www.siloamhospitals.com/assets/np-580e9676.svg]
[www.siloamhospitals.com/assets/nr-707765a6.svg]
[www.siloamhospitals.com/assets/nr-68ffbe53.svg]
[www.siloamhospitals.com/assets/nu-835c94f3.svg]
[www.siloamhospitals.com/assets/nu-93e802ac.svg]
[www.siloamhospitals.com/assets/nz-30a785d1.svg]
[www.siloamhospitals.com/assets/nz-8e77ded3.svg]
[www.siloamhospitals.com/assets/om-b19a16d1.svg]
[www.siloamhospitals.com/assets/om-78351c31.svg]
[www.siloamhospitals.com/assets/pa-9d1b2b70.svg]
[www.siloamhospitals.com/assets/pa-6f2195a5.svg]
[www.siloamhospitals.com/assets/pe-5272e92f.svg]
[www.siloamhospitals.com/assets/pe-b68f41fa.svg]
[www.siloamhospitals.com/assets/pf-cea36e28.svg]
[www.siloamhospitals.com/assets/pf-eea47b61.svg]
[www.siloamhospitals.com/assets/pg-45e15441.svg]
[www.siloamhospitals.com/assets/pg-04752d7c.svg]
[www.siloamhospitals.com/assets/ph-4cccf403.svg]
[www.siloamhospitals.com/assets/ph-3c2c5087.svg]
[www.siloamhospitals.com/assets/pk-f812c368.svg]
[www.siloamhospitals.com/assets/pk-e2e82907.svg]
[www.siloamhospitals.com/assets/pl-369bb3e1.svg]
[www.siloamhospitals.com/assets/pl-698cda1f.svg]
[www.siloamhospitals.com/assets/pm-dc303241.svg]
[www.siloamhospitals.com/assets/pm-33c655b4.svg]
[www.siloamhospitals.com/assets/pn-ae3c517c.svg]
[www.siloamhospitals.com/assets/pn-e0f59844.svg]
[www.siloamhospitals.com/assets/pr-ed792fc3.svg]
[www.siloamhospitals.com/assets/pr-de232a57.svg]
[www.siloamhospitals.com/assets/ps-accd4461.svg]
[www.siloamhospitals.com/assets/ps-1ebcb0e1.svg]
[www.siloamhospitals.com/assets/pt-a24d5bb8.svg]
[www.siloamhospitals.com/assets/pt-21237ce4.svg]
[www.siloamhospitals.com/assets/pw-cab1c31f.svg]
[www.siloamhospitals.com/assets/pw-452a030a.svg]
[www.siloamhospitals.com/assets/py-6eb85947.svg]
[www.siloamhospitals.com/assets/py-93651722.svg]
[www.siloamhospitals.com/assets/qa-4d41fa3c.svg]
[www.siloamhospitals.com/assets/qa-a781df63.svg]
[www.siloamhospitals.com/assets/re-419513fe.svg]
[www.siloamhospitals.com/assets/re-a5347d1a.svg]
[www.siloamhospitals.com/assets/ro-17a3a747.svg]
[www.siloamhospitals.com/assets/ro-b56a867a.svg]
[www.siloamhospitals.com/assets/rs-4d92f460.svg]
[www.siloamhospitals.com/assets/rs-1f2c25e6.svg]
[www.siloamhospitals.com/assets/ru-6c62f886.svg]
[www.siloamhospitals.com/assets/ru-5224e89e.svg]
[www.siloamhospitals.com/assets/rw-67a5e9a0.svg]
[www.siloamhospitals.com/assets/rw-726c1546.svg]
[www.siloamhospitals.com/assets/sa-c4aab49d.svg]
[www.siloamhospitals.com/assets/sa-27dd5421.svg]
[www.siloamhospitals.com/assets/sb-f1a38c9d.svg]
[www.siloamhospitals.com/assets/sb-b28813c8.svg]
[www.siloamhospitals.com/assets/sc-30cdbe42.svg]
[www.siloamhospitals.com/assets/sc-4363a818.svg]
[www.siloamhospitals.com/assets/sd-7c85028c.svg]
[www.siloamhospitals.com/assets/sd-43f9ed92.svg]
[www.siloamhospitals.com/assets/se-bc8a97e1.svg]
[www.siloamhospitals.com/assets/se-b4cc09f1.svg]
[www.siloamhospitals.com/assets/sg-010b1e94.svg]
[www.siloamhospitals.com/assets/sg-b0a8dfe9.svg]
[www.siloamhospitals.com/assets/sh-78eb5275.svg]
[www.siloamhospitals.com/assets/sh-22794630.svg]
[www.siloamhospitals.com/assets/si-260a7276.svg]
[www.siloamhospitals.com/assets/si-494ab288.svg]
[www.siloamhospitals.com/assets/sj-b60dad0e.svg]
[www.siloamhospitals.com/assets/sj-880802e4.svg]
[www.siloamhospitals.com/assets/sk-01a41b70.svg]
[www.siloamhospitals.com/assets/sk-40b3a188.svg]
[www.siloamhospitals.com/assets/sl-d0c384b0.svg]
[www.siloamhospitals.com/assets/sl-e8ca2dae.svg]
[www.siloamhospitals.com/assets/sm-c2055b28.svg]
[www.siloamhospitals.com/assets/sm-d2f10302.svg]
[www.siloamhospitals.com/assets/sn-6437db13.svg]
[www.siloamhospitals.com/assets/sn-2c7a8737.svg]
[www.siloamhospitals.com/assets/so-b85dd16d.svg]
[www.siloamhospitals.com/assets/so-09df0ab2.svg]
[www.siloamhospitals.com/assets/sr-5194a6af.svg]
[www.siloamhospitals.com/assets/sr-81b54581.svg]
[www.siloamhospitals.com/assets/ss-d09319a4.svg]
[www.siloamhospitals.com/assets/ss-6aa031ba.svg]
[www.siloamhospitals.com/assets/st-16db84cc.svg]
[www.siloamhospitals.com/assets/st-fc411d32.svg]
[www.siloamhospitals.com/assets/sv-a382a7a3.svg]
[www.siloamhospitals.com/assets/sv-ebbd7d5a.svg]
[www.siloamhospitals.com/assets/sx-2d9fbccb.svg]
[www.siloamhospitals.com/assets/sx-3a56525c.svg]
[www.siloamhospitals.com/assets/sy-38125aa4.svg]
[www.siloamhospitals.com/assets/sy-6e3feb72.svg]
[www.siloamhospitals.com/assets/sz-00015a76.svg]
[www.siloamhospitals.com/assets/sz-e92e7315.svg]
[www.siloamhospitals.com/assets/tc-f44b6d22.svg]
[www.siloamhospitals.com/assets/tc-1a90d773.svg]
[www.siloamhospitals.com/assets/td-ec75ab08.svg]
[www.siloamhospitals.com/assets/td-8e475ace.svg]
[www.siloamhospitals.com/assets/tf-5dbdbb8b.svg]
[www.siloamhospitals.com/assets/tf-280ce967.svg]
[www.siloamhospitals.com/assets/tg-409bd447.svg]
[www.siloamhospitals.com/assets/tg-921aad6e.svg]
[www.siloamhospitals.com/assets/th-329cc0d5.svg]
[www.siloamhospitals.com/assets/th-bb8a18d6.svg]
[www.siloamhospitals.com/assets/tj-2df43c7b.svg]
[www.siloamhospitals.com/assets/tj-9a2533f9.svg]
[www.siloamhospitals.com/assets/tk-a8540a4a.svg]
[www.siloamhospitals.com/assets/tk-a12ef3ff.svg]
[www.siloamhospitals.com/assets/tl-41be899b.svg]
[www.siloamhospitals.com/assets/tl-3da88325.svg]
[www.siloamhospitals.com/assets/tm-d8491445.svg]
[www.siloamhospitals.com/assets/tm-abeba3aa.svg]
[www.siloamhospitals.com/assets/tn-7dbc4969.svg]
[www.siloamhospitals.com/assets/tn-2240465e.svg]
[www.siloamhospitals.com/assets/to-b351703f.svg]
[www.siloamhospitals.com/assets/to-8f2f476b.svg]
[www.siloamhospitals.com/assets/tr-479d84d0.svg]
[www.siloamhospitals.com/assets/tr-be7d115b.svg]
[www.siloamhospitals.com/assets/tt-92f1261b.svg]
[www.siloamhospitals.com/assets/tt-125d18de.svg]
[www.siloamhospitals.com/assets/tv-d94fa5f1.svg]
[www.siloamhospitals.com/assets/tv-7415f816.svg]
[www.siloamhospitals.com/assets/tw-8b830c51.svg]
[www.siloamhospitals.com/assets/tw-822ce3b1.svg]
[www.siloamhospitals.com/assets/tz-7fa97f71.svg]
[www.siloamhospitals.com/assets/tz-0130959e.svg]
[www.siloamhospitals.com/assets/ua-2d869c23.svg]
[www.siloamhospitals.com/assets/ua-fd9ad29b.svg]
[www.siloamhospitals.com/assets/ug-1b9f3a17.svg]
[www.siloamhospitals.com/assets/ug-06e928bb.svg]
[www.siloamhospitals.com/assets/um-0cbf7a17.svg]
[www.siloamhospitals.com/assets/um-58e347e9.svg]
[www.siloamhospitals.com/assets/us-553867d3.svg]
[www.siloamhospitals.com/assets/us-740efcc1.svg]
[www.siloamhospitals.com/assets/uy-3a18a094.svg]
[www.siloamhospitals.com/assets/uy-1b07da41.svg]
[www.siloamhospitals.com/assets/uz-f5f13057.svg]
[www.siloamhospitals.com/assets/uz-0d059f47.svg]
[www.siloamhospitals.com/assets/va-24701344.svg]
[www.siloamhospitals.com/assets/va-b46ebf1a.svg]
[www.siloamhospitals.com/assets/vc-6357f389.svg]
[www.siloamhospitals.com/assets/vc-2ef7fd06.svg]
[www.siloamhospitals.com/assets/ve-4a331236.svg]
[www.siloamhospitals.com/assets/ve-5005d69f.svg]
[www.siloamhospitals.com/assets/vg-ad72d6eb.svg]
[www.siloamhospitals.com/assets/vg-f2cf67f2.svg]
[www.siloamhospitals.com/assets/vi-8db50145.svg]
[www.siloamhospitals.com/assets/vi-9a9baae2.svg]
[www.siloamhospitals.com/assets/vn-2ac15179.svg]
[www.siloamhospitals.com/assets/vn-cc93480c.svg]
[www.siloamhospitals.com/assets/vu-612e2497.svg]
[www.siloamhospitals.com/assets/vu-f61a101c.svg]
[www.siloamhospitals.com/assets/wf-c7863248.svg]
[www.siloamhospitals.com/assets/wf-904c226f.svg]
[www.siloamhospitals.com/assets/ws-6b1a7ebc.svg]
[www.siloamhospitals.com/assets/ws-48d15d76.svg]
[www.siloamhospitals.com/assets/ye-dc5607f4.svg]
[www.siloamhospitals.com/assets/ye-15c1b50c.svg]
[www.siloamhospitals.com/assets/yt-2eb50fcf.svg]
[www.siloamhospitals.com/assets/yt-7fa7f850.svg]
[www.siloamhospitals.com/assets/za-91238fb5.svg]
[www.siloamhospitals.com/assets/za-4ed696bd.svg]
[www.siloamhospitals.com/assets/zm-dced1cb7.svg]
[www.siloamhospitals.com/assets/zm-8a105b73.svg]
[www.siloamhospitals.com/assets/zw-8629d7c5.svg]
[www.siloamhospitals.com/assets/zw-66b55a96.svg]
[www.siloamhospitals.com/assets/ac-a4ddad70.svg]
[www.siloamhospitals.com/assets/ac-7f066d2b.svg]
[www.siloamhospitals.com/assets/cp-907b4b54.svg]
[www.siloamhospitals.com/assets/cp-582fc375.svg]
[www.siloamhospitals.com/assets/dg-347ef660.svg]
[www.siloamhospitals.com/assets/dg-aa35d3b2.svg]
[www.siloamhospitals.com/assets/ea-e86d317d.svg]
[www.siloamhospitals.com/assets/ea-bb4ff4a8.svg]
[www.siloamhospitals.com/assets/es-ct-11229703.svg]
[www.siloamhospitals.com/assets/es-ct-95f4033c.svg]
[www.siloamhospitals.com/assets/es-ga-0f1c2551.svg]
[www.siloamhospitals.com/assets/es-ga-1955fb3b.svg]
[www.siloamhospitals.com/assets/eu-f8fd4ae7.svg]
[www.siloamhospitals.com/assets/eu-605225b6.svg]
[www.siloamhospitals.com/assets/gb-eng-53797ba9.svg]
[www.siloamhospitals.com/assets/gb-eng-2dd36838.svg]
[www.siloamhospitals.com/assets/gb-nir-ae91c319.svg]
[www.siloamhospitals.com/assets/gb-nir-14593385.svg]
[www.siloamhospitals.com/assets/gb-sct-7b55bce7.svg]
[www.siloamhospitals.com/assets/gb-sct-19ed371e.svg]
[www.siloamhospitals.com/assets/gb-wls-3a95845d.svg]
[www.siloamhospitals.com/assets/gb-wls-d3c5b996.svg]
[www.siloamhospitals.com/assets/ic-9a584e04.svg]
[www.siloamhospitals.com/assets/ic-4e5a5e63.svg]
[www.siloamhospitals.com/assets/ta-3a19b022.svg]
[www.siloamhospitals.com/assets/ta-d8fc0858.svg]
[www.siloamhospitals.com/assets/un-d8446e2c.svg]
[www.siloamhospitals.com/assets/un-a7c66b36.svg]
[www.siloamhospitals.com/assets/xk-69f770ff.svg]
[www.siloamhospitals.com/assets/xk-b55b1b7c.svg]
[www.siloamhospitals.com/assets/material-icons-8265f647.woff2]
[www.siloamhospitals.com/assets/material-icons-fd84f88b.woff]
[www.siloamhospitals.com/assets/material-icons-outlined-35dca8a7.woff2]
[www.siloamhospitals.com/assets/material-icons-outlined-8e94758c.woff]
[www.siloamhospitals.com/assets/material-icons-round-c948f126.woff2]
[www.siloamhospitals.com/assets/material-icons-round-1c135b15.woff]
[www.siloamhospitals.com/assets/material-icons-sharp-d31bfb81.woff2]
[www.siloamhospitals.com/assets/material-icons-sharp-fa3888ef.woff]
[www.siloamhospitals.com/assets/material-icons-two-tone-1e673ba8.woff2]
[www.siloamhospitals.com/assets/material-icons-two-tone-3d34f30a.woff]
[www.siloamhospitals.com/assets/radio_button_on-523e40e1.svg]
[www.siloamhospitals.com/assets/radio_button_off-091ab1d2.svg]
[www.siloamhospitals.com/assets/radio_button_off-35102045.svg]
[www.siloamhospitals.com/assets/index-54554b4d.css]
[www.siloamhospitals.com/ak.html]
[www.siloamhospitals.com/ak-2.html]
[www.siloamhospitals.com/assets/xx-972e0781.svg]
[www.siloamhospitals.com/assets/xx-e2d258c5.svg]
[www.siloamhospitals.com/assets/ad-e411c81d.svg]
[www.siloamhospitals.com/assets/ad-399354a9.svg]
[www.siloamhospitals.com/assets/ae-e646ea13.svg]
[www.siloamhospitals.com/assets/ae-534fefed.svg]
[www.siloamhospitals.com/assets/af-318f28f1.svg]
[www.siloamhospitals.com/assets/af-6c420329.svg]
[www.siloamhospitals.com/assets/ag-7cc7d9ec.svg]
[www.siloamhospitals.com/assets/ag-2760f340.svg]
[www.siloamhospitals.com/assets/ai-2113432b.svg]
[www.siloamhospitals.com/assets/ai-61c43adb.svg]
[www.siloamhospitals.com/assets/al-f9b79f25.svg]
[www.siloamhospitals.com/assets/al-2253bcd8.svg]
[www.siloamhospitals.com/assets/am-efb6cdaa.svg]
[www.siloamhospitals.com/assets/am-57edcffa.svg]
[www.siloamhospitals.com/assets/ao-3c52ff53.svg]
[www.siloamhospitals.com/assets/ao-a296c39c.svg]
[www.siloamhospitals.com/assets/aq-454424bf.svg]
[www.siloamhospitals.com/assets/aq-733794b7.svg]
[www.siloamhospitals.com/assets/ar-49a0084b.svg]
[www.siloamhospitals.com/assets/ar-92dd89b1.svg]
[www.siloamhospitals.com/assets/as-a9ea837d.svg]
[www.siloamhospitals.com/assets/as-0af12c4a.svg]
[www.siloamhospitals.com/assets/at-2754ed2f.svg]
[www.siloamhospitals.com/assets/at-9152f136.svg]
[www.siloamhospitals.com/assets/au-6cf0b0da.svg]
[www.siloamhospitals.com/assets/au-01aa7963.svg]
[www.siloamhospitals.com/assets/aw-5e136f5b.svg]
[www.siloamhospitals.com/assets/aw-0379172e.svg]
[www.siloamhospitals.com/assets/ax-e2162713.svg]
[www.siloamhospitals.com/assets/ax-140f94bb.svg]
[www.siloamhospitals.com/assets/az-b942e12d.svg]
[www.siloamhospitals.com/assets/az-fef5c465.svg]
[www.siloamhospitals.com/assets/ba-7fe2acc6.svg]
[www.siloamhospitals.com/assets/ba-f7fbd614.svg]
[www.siloamhospitals.com/assets/bb-beaf3ae6.svg]
[www.siloamhospitals.com/assets/bb-20bd0c90.svg]
[www.siloamhospitals.com/assets/bd-1aabb4a7.svg]
[www.siloamhospitals.com/assets/bd-90f8f20e.svg]
[www.siloamhospitals.com/assets/be-42f09ed6.svg]
[www.siloamhospitals.com/assets/be-a2f62b54.svg]
[www.siloamhospitals.com/assets/bf-606b17ad.svg]
[www.siloamhospitals.com/assets/bf-62cdc2bd.svg]
[www.siloamhospitals.com/assets/bg-a2282477.svg]
[www.siloamhospitals.com/assets/bg-40e29b66.svg]
[www.siloamhospitals.com/assets/bh-7a519f58.svg]
[www.siloamhospitals.com/assets/bh-102fe27e.svg]
[www.siloamhospitals.com/assets/bi-3e1ff149.svg]
[www.siloamhospitals.com/assets/bi-46ceb5f8.svg]
[www.siloamhospitals.com/assets/bj-6f5043b4.svg]
[www.siloamhospitals.com/assets/bj-ab7b5a85.svg]
[www.siloamhospitals.com/assets/bl-5da1d4f8.svg]
[www.siloamhospitals.com/assets/bl-025f596f.svg]
[www.siloamhospitals.com/assets/bm-def86a14.svg]
[www.siloamhospitals.com/assets/bm-d0a9f672.svg]
[www.siloamhospitals.com/assets/bn-07740542.svg]
[www.siloamhospitals.com/assets/bn-db17f97a.svg]
[www.siloamhospitals.com/assets/bo-63594b20.svg]
[www.siloamhospitals.com/assets/bo-4806a8c7.svg]
[www.siloamhospitals.com/assets/bq-23881e6c.svg]
[www.siloamhospitals.com/assets/bq-83723941.svg]
[www.siloamhospitals.com/assets/br-fc872e71.svg]
[www.siloamhospitals.com/assets/br-ce7e334e.svg]
[www.siloamhospitals.com/assets/bs-90305318.svg]
[www.siloamhospitals.com/assets/bs-ee46721d.svg]
[www.siloamhospitals.com/assets/bt-dc7fe8fa.svg]
[www.siloamhospitals.com/assets/bt-84e84171.svg]
[www.siloamhospitals.com/assets/bv-03917bba.svg]
[www.siloamhospitals.com/assets/bv-091fb966.svg]
[www.siloamhospitals.com/assets/bw-1fc9322c.svg]
[www.siloamhospitals.com/assets/bw-e1e15926.svg]
[www.siloamhospitals.com/assets/by-b0ac20fe.svg]
[www.siloamhospitals.com/assets/by-c74090d5.svg]
[www.siloamhospitals.com/assets/bz-c57817a5.svg]
[www.siloamhospitals.com/assets/bz-4085bcd0.svg]
[www.siloamhospitals.com/assets/ca-73bd9657.svg]
[www.siloamhospitals.com/assets/ca-5e8736c4.svg]
[www.siloamhospitals.com/assets/cc-f4e9b00e.svg]
[www.siloamhospitals.com/assets/cc-eec3b923.svg]
[www.siloamhospitals.com/assets/cd-23f049df.svg]
[www.siloamhospitals.com/assets/cd-620c7263.svg]
[www.siloamhospitals.com/assets/cf-cd11e360.svg]
[www.siloamhospitals.com/assets/cf-3c6b6c0b.svg]
[www.siloamhospitals.com/assets/cg-f8467d04.svg]
[www.siloamhospitals.com/assets/cg-66f98bc1.svg]
[www.siloamhospitals.com/assets/ch-ac676cd3.svg]
[www.siloamhospitals.com/assets/ch-be4b8257.svg]
[www.siloamhospitals.com/assets/ci-4ecfea70.svg]
[www.siloamhospitals.com/assets/ci-c3f20b8e.svg]
[www.siloamhospitals.com/assets/ck-b17c039f.svg]
[www.siloamhospitals.com/assets/ck-e5457495.svg]
[www.siloamhospitals.com/assets/cl-bde5c7c2.svg]
[www.siloamhospitals.com/assets/cl-dc9bc06f.svg]
[www.siloamhospitals.com/assets/cm-db88be4b.svg]
[www.siloamhospitals.com/assets/cm-f351617f.svg]
[www.siloamhospitals.com/assets/cn-c1f22841.svg]
[www.siloamhospitals.com/assets/cn-9f7f1ab6.svg]
[www.siloamhospitals.com/assets/co-6bab3c96.svg]
[www.siloamhospitals.com/assets/co-596558a2.svg]
[www.siloamhospitals.com/assets/cr-4775ef01.svg]
[www.siloamhospitals.com/assets/cr-b70b33c4.svg]
[www.siloamhospitals.com/assets/cu-f7f44c3e.svg]
[www.siloamhospitals.com/assets/cu-5bd635ae.svg]
[www.siloamhospitals.com/assets/cv-237307fe.svg]
[www.siloamhospitals.com/assets/cv-a855505a.svg]
[www.siloamhospitals.com/assets/cw-929063b2.svg]
[www.siloamhospitals.com/assets/cw-a689736d.svg]
[www.siloamhospitals.com/assets/cx-8c09357b.svg]
[www.siloamhospitals.com/assets/cx-81387568.svg]
[www.siloamhospitals.com/assets/cy-aa9b4c30.svg]
[www.siloamhospitals.com/assets/cy-ed929efd.svg]
[www.siloamhospitals.com/assets/cz-d601fcc2.svg]
[www.siloamhospitals.com/assets/cz-5a462b5f.svg]
[www.siloamhospitals.com/assets/de-7318c9aa.svg]
[www.siloamhospitals.com/assets/de-d5f40046.svg]
[www.siloamhospitals.com/assets/dj-0a60922e.svg]
[www.siloamhospitals.com/assets/dj-7baede08.svg]
[www.siloamhospitals.com/assets/dk-d2847c0b.svg]
[www.siloamhospitals.com/assets/dk-4d7c9c44.svg]
[www.siloamhospitals.com/assets/dm-5758b806.svg]
[www.siloamhospitals.com/assets/dm-4ac56c6b.svg]
[www.siloamhospitals.com/assets/do-6722b711.svg]
[www.siloamhospitals.com/assets/do-d0790bb3.svg]
[www.siloamhospitals.com/assets/dz-9ea0cf93.svg]
[www.siloamhospitals.com/assets/dz-73f56cc7.svg]
[www.siloamhospitals.com/assets/ec-73be1a4b.svg]
[www.siloamhospitals.com/assets/ec-c1196d0f.svg]
[www.siloamhospitals.com/assets/ee-1c30ac2c.svg]
[www.siloamhospitals.com/assets/ee-733a082e.svg]
[www.siloamhospitals.com/assets/eg-bc19c9ba.svg]
[www.siloamhospitals.com/assets/eg-60288e26.svg]
[www.siloamhospitals.com/assets/eh-5661bb32.svg]
[www.siloamhospitals.com/assets/eh-cd0c4d05.svg]
[www.siloamhospitals.com/assets/er-21cdc1d1.svg]
[www.siloamhospitals.com/assets/er-6e90ebb6.svg]
[www.siloamhospitals.com/assets/es-6fe80291.svg]
[www.siloamhospitals.com/assets/es-edd3ba17.svg]
[www.siloamhospitals.com/assets/et-b2239ad7.svg]
[www.siloamhospitals.com/assets/et-25b637b7.svg]
[www.siloamhospitals.com/assets/fi-012edd98.svg]
[www.siloamhospitals.com/assets/fi-f4064089.svg]
[www.siloamhospitals.com/assets/fj-f8b5b752.svg]
[www.siloamhospitals.com/assets/fj-0243d39f.svg]
[www.siloamhospitals.com/assets/fk-4862e30d.svg]
[www.siloamhospitals.com/assets/fk-398be37e.svg]
[www.siloamhospitals.com/assets/fm-07fe66ad.svg]
[www.siloamhospitals.com/assets/fm-f7906ddc.svg]
[www.siloamhospitals.com/assets/fo-87270006.svg]
[www.siloamhospitals.com/assets/fo-9b46d4a8.svg]
[www.siloamhospitals.com/assets/fr-c19557a7.svg]
[www.siloamhospitals.com/assets/fr-0d02622a.svg]
[www.siloamhospitals.com/assets/ga-f7b775c4.svg]
[www.siloamhospitals.com/assets/ga-cb2951db.svg]
[www.siloamhospitals.com/assets/gb-51a8613a.svg]
[www.siloamhospitals.com/assets/gb-4b739ae8.svg]
[www.siloamhospitals.com/assets/gd-495e20bd.svg]
[www.siloamhospitals.com/assets/gd-b8fdff46.svg]
[www.siloamhospitals.com/assets/ge-e9d0f108.svg]
[www.siloamhospitals.com/assets/ge-9f2584df.svg]
[www.siloamhospitals.com/assets/gf-53afc127.svg]
[www.siloamhospitals.com/assets/gf-56168b44.svg]
[www.siloamhospitals.com/assets/gg-3457d341.svg]
[www.siloamhospitals.com/assets/gg-f6ec0e51.svg]
[www.siloamhospitals.com/assets/gh-86635202.svg]
[www.siloamhospitals.com/assets/gh-4afd4198.svg]
[www.siloamhospitals.com/assets/gi-05d68008.svg]
[www.siloamhospitals.com/assets/gi-053a0a90.svg]
[www.siloamhospitals.com/assets/gl-15a60b07.svg]
[www.siloamhospitals.com/assets/gl-debe7773.svg]
[www.siloamhospitals.com/assets/gm-26a1fd6b.svg]
[www.siloamhospitals.com/assets/gm-726e760b.svg]
[www.siloamhospitals.com/assets/gn-ee01e7dd.svg]
[www.siloamhospitals.com/assets/gn-8d20e686.svg]
[www.siloamhospitals.com/assets/gp-22ae75ed.svg]
[www.siloamhospitals.com/assets/gp-5b6e2777.svg]
[www.siloamhospitals.com/assets/gq-be2561d6.svg]
[www.siloamhospitals.com/assets/gq-a3bf98e3.svg]
[www.siloamhospitals.com/assets/gr-a184070f.svg]
[www.siloamhospitals.com/assets/gr-a4519d98.svg]
[www.siloamhospitals.com/assets/gs-fd6ad76e.svg]
[www.siloamhospitals.com/assets/gs-dcac009d.svg]
[www.siloamhospitals.com/assets/gt-53d6bd19.svg]
[www.siloamhospitals.com/assets/gt-cb60868c.svg]
[www.siloamhospitals.com/assets/gu-865d2c85.svg]
[www.siloamhospitals.com/assets/gu-0fc8abf7.svg]
[www.siloamhospitals.com/assets/gw-9383444c.svg]
[www.siloamhospitals.com/assets/gw-35d8c841.svg]
[www.siloamhospitals.com/assets/gy-81301929.svg]
[www.siloamhospitals.com/assets/gy-97253f86.svg]
[www.siloamhospitals.com/assets/hk-3925e785.svg]
[www.siloamhospitals.com/assets/hk-89b05a22.svg]
[www.siloamhospitals.com/assets/hm-962e9410.svg]
[www.siloamhospitals.com/assets/hm-3c45173f.svg]
[www.siloamhospitals.com/assets/hn-f7828d93.svg]
[www.siloamhospitals.com/assets/hn-2b4bafff.svg]
[www.siloamhospitals.com/assets/hr-c853a9f1.svg]
[www.siloamhospitals.com/assets/hr-a6187e3f.svg]
[www.siloamhospitals.com/assets/ht-9877b482.svg]
[www.siloamhospitals.com/assets/ht-84187767.svg]
[www.siloamhospitals.com/assets/hu-ffc4edd5.svg]
[www.siloamhospitals.com/assets/hu-9e6bc6d7.svg]
[www.siloamhospitals.com/assets/id-5cd3acc4.svg]
[www.siloamhospitals.com/assets/id-b8cd30f2.svg]
[www.siloamhospitals.com/assets/ie-f82568d7.svg]
[www.siloamhospitals.com/assets/ie-860168f5.svg]
[www.siloamhospitals.com/assets/il-a9c90b0c.svg]
[www.siloamhospitals.com/assets/il-0004f90f.svg]
[www.siloamhospitals.com/assets/im-bf7e365b.svg]
[www.siloamhospitals.com/assets/im-56a6eed5.svg]
[www.siloamhospitals.com/assets/in-24cd1522.svg]
[www.siloamhospitals.com/assets/in-9a372951.svg]
[www.siloamhospitals.com/assets/io-73b9748a.svg]
[www.siloamhospitals.com/assets/io-547920b7.svg]
[www.siloamhospitals.com/assets/iq-798e6f15.svg]
[www.siloamhospitals.com/assets/iq-591149b8.svg]
[www.siloamhospitals.com/assets/ir-0473dddb.svg]
[www.siloamhospitals.com/assets/ir-0d921dd5.svg]
[www.siloamhospitals.com/assets/is-eec3f1e9.svg]
[www.siloamhospitals.com/assets/is-33111797.svg]
[www.siloamhospitals.com/assets/it-9fa88118.svg]
[www.siloamhospitals.com/assets/it-03086f2e.svg]
[www.siloamhospitals.com/assets/je-6a220774.svg]
[www.siloamhospitals.com/assets/je-38af9b35.svg]
[www.siloamhospitals.com/assets/jm-61441775.svg]
[www.siloamhospitals.com/assets/jm-a556453f.svg]
[www.siloamhospitals.com/assets/jo-844439f2.svg]
[www.siloamhospitals.com/assets/jo-5cef1493.svg]
[www.siloamhospitals.com/assets/jp-48cbe3d7.svg]
[www.siloamhospitals.com/assets/jp-d1182a34.svg]
[www.siloamhospitals.com/assets/ke-be4fa3bd.svg]
[www.siloamhospitals.com/assets/ke-ec022d0b.svg]
[www.siloamhospitals.com/assets/kg-d9788d16.svg]
[www.siloamhospitals.com/assets/kg-bc5fb7c3.svg]
[www.siloamhospitals.com/assets/kh-53ac72c8.svg]
[www.siloamhospitals.com/assets/kh-d4e0c527.svg]
[www.siloamhospitals.com/assets/ki-9c323e29.svg]
[www.siloamhospitals.com/assets/ki-c275fe86.svg]
[www.siloamhospitals.com/assets/km-467ca3de.svg]
[www.siloamhospitals.com/assets/km-d84d85a0.svg]
[www.siloamhospitals.com/assets/kn-033a17ff.svg]
[www.siloamhospitals.com/assets/kn-a57a8e10.svg]
[www.siloamhospitals.com/assets/kp-536277a9.svg]
[www.siloamhospitals.com/assets/kp-7495f008.svg]
[www.siloamhospitals.com/assets/kr-268e0a2d.svg]
[www.siloamhospitals.com/assets/kr-f4369bf4.svg]
[www.siloamhospitals.com/assets/kw-0a98e54b.svg]
[www.siloamhospitals.com/assets/kw-c976ecde.svg]
[www.siloamhospitals.com/assets/ky-6b48ca73.svg]
[www.siloamhospitals.com/assets/ky-762191bf.svg]
[www.siloamhospitals.com/assets/kz-5106f76e.svg]
[www.siloamhospitals.com/assets/kz-cba65c56.svg]
[www.siloamhospitals.com/assets/la-e9e3ae6b.svg]
[www.siloamhospitals.com/assets/la-012421df.svg]
[www.siloamhospitals.com/assets/lb-8fa85ea1.svg]
[www.siloamhospitals.com/assets/lb-727faae7.svg]
[www.siloamhospitals.com/assets/lc-525ad8c3.svg]
[www.siloamhospitals.com/assets/lc-539914cb.svg]
[www.siloamhospitals.com/assets/li-c312a745.svg]
[www.siloamhospitals.com/assets/li-3694c865.svg]
[www.siloamhospitals.com/assets/lk-f54e3c5a.svg]
[www.siloamhospitals.com/assets/lk-8e2d1942.svg]
[www.siloamhospitals.com/assets/lr-2521f360.svg]
[www.siloamhospitals.com/assets/lr-a75c0e30.svg]
[www.siloamhospitals.com/assets/ls-9491616e.svg]
[www.siloamhospitals.com/assets/ls-d59e8226.svg]
[www.siloamhospitals.com/assets/lt-dc040199.svg]
[www.siloamhospitals.com/assets/lt-8ef0e9cb.svg]
[www.siloamhospitals.com/assets/lu-a6c17cd0.svg]
[www.siloamhospitals.com/assets/lu-965964b5.svg]
[www.siloamhospitals.com/assets/lv-15d4e812.svg]
[www.siloamhospitals.com/assets/lv-f4e0567e.svg]
[www.siloamhospitals.com/assets/ly-9f3bec18.svg]
[www.siloamhospitals.com/assets/ly-167e6177.svg]
[www.siloamhospitals.com/assets/ma-28cfcdec.svg]
[www.siloamhospitals.com/assets/ma-8f1a0be2.svg]
[www.siloamhospitals.com/assets/mc-690c23fe.svg]
[www.siloamhospitals.com/assets/mc-c3aaba7e.svg]
[www.siloamhospitals.com/assets/md-ae4fd022.svg]
[www.siloamhospitals.com/assets/md-e678dd90.svg]
[www.siloamhospitals.com/assets/me-73f05f92.svg]
[www.siloamhospitals.com/assets/me-8d3f7f89.svg]
[www.siloamhospitals.com/assets/mf-81f598ea.svg]
[www.siloamhospitals.com/assets/mf-8d6fb31e.svg]
[www.siloamhospitals.com/assets/mg-59246c21.svg]
[www.siloamhospitals.com/assets/mg-f16ffe66.svg]
[www.siloamhospitals.com/assets/mh-f4d41b34.svg]
[www.siloamhospitals.com/assets/mh-7bd55f27.svg]
[www.siloamhospitals.com/assets/mk-22488dc8.svg]
[www.siloamhospitals.com/assets/mk-8faba052.svg]
[www.siloamhospitals.com/assets/ml-49e84081.svg]
[www.siloamhospitals.com/assets/ml-34021383.svg]
[www.siloamhospitals.com/assets/mm-02b92ceb.svg]
[www.siloamhospitals.com/assets/mm-24ae103d.svg]
[www.siloamhospitals.com/assets/mn-0d3973cf.svg]
[www.siloamhospitals.com/assets/mn-9b39f1b9.svg]
[www.siloamhospitals.com/assets/mo-f23114c3.svg]
[www.siloamhospitals.com/assets/mo-42ae5ab4.svg]
[www.siloamhospitals.com/assets/mp-ede556ff.svg]
[www.siloamhospitals.com/assets/mp-0072e467.svg]
[www.siloamhospitals.com/assets/mq-4b09348a.svg]
[www.siloamhospitals.com/assets/mq-c8b2e579.svg]
[www.siloamhospitals.com/assets/mr-1fe95778.svg]
[www.siloamhospitals.com/assets/mr-c106d19e.svg]
[www.siloamhospitals.com/assets/ms-62f315e0.svg]
[www.siloamhospitals.com/assets/ms-3ec666d9.svg]
[www.siloamhospitals.com/assets/mt-5b9d6101.svg]
[www.siloamhospitals.com/assets/mt-ae7e5df1.svg]
[www.siloamhospitals.com/assets/mu-51f86810.svg]
[www.siloamhospitals.com/assets/mu-3a73b077.svg]
[www.siloamhospitals.com/assets/mv-5546d527.svg]
[www.siloamhospitals.com/assets/mv-ecc358a3.svg]
[www.siloamhospitals.com/assets/mw-2a3cc640.svg]
[www.siloamhospitals.com/assets/mw-18dfe0c3.svg]
[www.siloamhospitals.com/assets/mx-64553d6b.svg]
[www.siloamhospitals.com/assets/mx-e5a0dc8c.svg]
[www.siloamhospitals.com/assets/my-e37ec1b0.svg]
[www.siloamhospitals.com/assets/my-4910911e.svg]
[www.siloamhospitals.com/assets/mz-c087cb47.svg]
[www.siloamhospitals.com/assets/mz-8c3ebb36.svg]
[www.siloamhospitals.com/assets/na-80df4b01.svg]
[www.siloamhospitals.com/assets/na-fbbde88c.svg]
[www.siloamhospitals.com/assets/nc-cff3afeb.svg]
[www.siloamhospitals.com/assets/nc-8b7ef8a4.svg]
[www.siloamhospitals.com/assets/ne-4b91653d.svg]
[www.siloamhospitals.com/assets/ne-c92686fc.svg]
[www.siloamhospitals.com/assets/nf-9cf4bf10.svg]
[www.siloamhospitals.com/assets/nf-d458b917.svg]
[www.siloamhospitals.com/assets/ng-b7a2a45a.svg]
[www.siloamhospitals.com/assets/ng-a41dbb75.svg]
[www.siloamhospitals.com/assets/ni-23bfeacd.svg]
[www.siloamhospitals.com/assets/ni-1d464374.svg]
[www.siloamhospitals.com/assets/nl-54b194d9.svg]
[www.siloamhospitals.com/assets/nl-a8b56f7d.svg]
[www.siloamhospitals.com/assets/no-ceea17af.svg]
[www.siloamhospitals.com/assets/no-55fc1564.svg]
[www.siloamhospitals.com/assets/np-ecab347b.svg]
[www.siloamhospitals.com/assets/np-580e9676.svg]
[www.siloamhospitals.com/assets/nr-707765a6.svg]
[www.siloamhospitals.com/assets/nr-68ffbe53.svg]
[www.siloamhospitals.com/assets/nu-835c94f3.svg]
[www.siloamhospitals.com/assets/nu-93e802ac.svg]
[www.siloamhospitals.com/assets/nz-30a785d1.svg]
[www.siloamhospitals.com/assets/nz-8e77ded3.svg]
[www.siloamhospitals.com/assets/om-b19a16d1.svg]
[www.siloamhospitals.com/assets/om-78351c31.svg]
[www.siloamhospitals.com/assets/pa-9d1b2b70.svg]
[www.siloamhospitals.com/assets/pa-6f2195a5.svg]
[www.siloamhospitals.com/assets/pe-5272e92f.svg]
[www.siloamhospitals.com/assets/pe-b68f41fa.svg]
[www.siloamhospitals.com/assets/pf-cea36e28.svg]
[www.siloamhospitals.com/assets/pf-eea47b61.svg]
[www.siloamhospitals.com/assets/pg-45e15441.svg]
[www.siloamhospitals.com/assets/pg-04752d7c.svg]
[www.siloamhospitals.com/assets/ph-4cccf403.svg]
[www.siloamhospitals.com/assets/ph-3c2c5087.svg]
[www.siloamhospitals.com/assets/pk-f812c368.svg]
[www.siloamhospitals.com/assets/pk-e2e82907.svg]
[www.siloamhospitals.com/assets/pl-369bb3e1.svg]
[www.siloamhospitals.com/assets/pl-698cda1f.svg]
[www.siloamhospitals.com/assets/pm-dc303241.svg]
[www.siloamhospitals.com/assets/pm-33c655b4.svg]
[www.siloamhospitals.com/assets/pn-ae3c517c.svg]
[www.siloamhospitals.com/assets/pn-e0f59844.svg]
[www.siloamhospitals.com/assets/pr-ed792fc3.svg]
[www.siloamhospitals.com/assets/pr-de232a57.svg]
[www.siloamhospitals.com/assets/ps-accd4461.svg]
[www.siloamhospitals.com/assets/ps-1ebcb0e1.svg]
[www.siloamhospitals.com/assets/pt-a24d5bb8.svg]
[www.siloamhospitals.com/assets/pt-21237ce4.svg]
[www.siloamhospitals.com/assets/pw-cab1c31f.svg]
[www.siloamhospitals.com/assets/pw-452a030a.svg]
[www.siloamhospitals.com/assets/py-6eb85947.svg]
[www.siloamhospitals.com/assets/py-93651722.svg]
[www.siloamhospitals.com/assets/qa-4d41fa3c.svg]
[www.siloamhospitals.com/assets/qa-a781df63.svg]
[www.siloamhospitals.com/assets/re-419513fe.svg]
[www.siloamhospitals.com/assets/re-a5347d1a.svg]
[www.siloamhospitals.com/assets/ro-17a3a747.svg]
[www.siloamhospitals.com/assets/ro-b56a867a.svg]
[www.siloamhospitals.com/assets/rs-4d92f460.svg]
[www.siloamhospitals.com/assets/rs-1f2c25e6.svg]
[www.siloamhospitals.com/assets/ru-6c62f886.svg]
[www.siloamhospitals.com/assets/ru-5224e89e.svg]
[www.siloamhospitals.com/assets/rw-67a5e9a0.svg]
[www.siloamhospitals.com/assets/rw-726c1546.svg]
[www.siloamhospitals.com/assets/sa-c4aab49d.svg]
[www.siloamhospitals.com/assets/sa-27dd5421.svg]
[www.siloamhospitals.com/assets/sb-f1a38c9d.svg]
[www.siloamhospitals.com/assets/sb-b28813c8.svg]
[www.siloamhospitals.com/assets/sc-30cdbe42.svg]
[www.siloamhospitals.com/assets/sc-4363a818.svg]
[www.siloamhospitals.com/assets/sd-7c85028c.svg]
[www.siloamhospitals.com/assets/sd-43f9ed92.svg]
[www.siloamhospitals.com/assets/se-bc8a97e1.svg]
[www.siloamhospitals.com/assets/se-b4cc09f1.svg]
[www.siloamhospitals.com/assets/sg-010b1e94.svg]
[www.siloamhospitals.com/assets/sg-b0a8dfe9.svg]
[www.siloamhospitals.com/assets/sh-78eb5275.svg]
[www.siloamhospitals.com/assets/sh-22794630.svg]
[www.siloamhospitals.com/assets/si-260a7276.svg]
[www.siloamhospitals.com/assets/si-494ab288.svg]
[www.siloamhospitals.com/assets/sj-b60dad0e.svg]
[www.siloamhospitals.com/assets/sj-880802e4.svg]
[www.siloamhospitals.com/assets/sk-01a41b70.svg]
[www.siloamhospitals.com/assets/sk-40b3a188.svg]
[www.siloamhospitals.com/assets/sl-d0c384b0.svg]
[www.siloamhospitals.com/assets/sl-e8ca2dae.svg]
[www.siloamhospitals.com/assets/sm-c2055b28.svg]
[www.siloamhospitals.com/assets/sm-d2f10302.svg]
[www.siloamhospitals.com/assets/sn-6437db13.svg]
[www.siloamhospitals.com/assets/sn-2c7a8737.svg]
[www.siloamhospitals.com/assets/so-b85dd16d.svg]
[www.siloamhospitals.com/assets/so-09df0ab2.svg]
[www.siloamhospitals.com/assets/sr-5194a6af.svg]
[www.siloamhospitals.com/assets/sr-81b54581.svg]
[www.siloamhospitals.com/assets/ss-d09319a4.svg]
[www.siloamhospitals.com/assets/ss-6aa031ba.svg]
[www.siloamhospitals.com/assets/st-16db84cc.svg]
[www.siloamhospitals.com/assets/st-fc411d32.svg]
[www.siloamhospitals.com/assets/sv-a382a7a3.svg]
[www.siloamhospitals.com/assets/sv-ebbd7d5a.svg]
[www.siloamhospitals.com/assets/sx-2d9fbccb.svg]
[www.siloamhospitals.com/assets/sx-3a56525c.svg]
[www.siloamhospitals.com/assets/sy-38125aa4.svg]
[www.siloamhospitals.com/assets/sy-6e3feb72.svg]
[www.siloamhospitals.com/assets/sz-00015a76.svg]
[www.siloamhospitals.com/assets/sz-e92e7315.svg]
[www.siloamhospitals.com/assets/tc-f44b6d22.svg]
[www.siloamhospitals.com/assets/tc-1a90d773.svg]
[www.siloamhospitals.com/assets/td-ec75ab08.svg]
[www.siloamhospitals.com/assets/td-8e475ace.svg]
[www.siloamhospitals.com/assets/tf-5dbdbb8b.svg]
[www.siloamhospitals.com/assets/tf-280ce967.svg]
[www.siloamhospitals.com/assets/tg-409bd447.svg]
[www.siloamhospitals.com/assets/tg-921aad6e.svg]
[www.siloamhospitals.com/assets/th-329cc0d5.svg]
[www.siloamhospitals.com/assets/th-bb8a18d6.svg]
[www.siloamhospitals.com/assets/tj-2df43c7b.svg]
[www.siloamhospitals.com/assets/tj-9a2533f9.svg]
[www.siloamhospitals.com/assets/tk-a8540a4a.svg]
[www.siloamhospitals.com/assets/tk-a12ef3ff.svg]
[www.siloamhospitals.com/assets/tl-41be899b.svg]
[www.siloamhospitals.com/assets/tl-3da88325.svg]
[www.siloamhospitals.com/assets/tm-d8491445.svg]
[www.siloamhospitals.com/assets/tm-abeba3aa.svg]
[www.siloamhospitals.com/assets/tn-7dbc4969.svg]
[www.siloamhospitals.com/assets/tn-2240465e.svg]
[www.siloamhospitals.com/assets/to-b351703f.svg]
[www.siloamhospitals.com/assets/to-8f2f476b.svg]
[www.siloamhospitals.com/assets/tr-479d84d0.svg]
[www.siloamhospitals.com/assets/tr-be7d115b.svg]
[www.siloamhospitals.com/assets/tt-92f1261b.svg]
[www.siloamhospitals.com/assets/tt-125d18de.svg]
[www.siloamhospitals.com/assets/tv-d94fa5f1.svg]
[www.siloamhospitals.com/assets/tv-7415f816.svg]
[www.siloamhospitals.com/assets/tw-8b830c51.svg]
[www.siloamhospitals.com/assets/tw-822ce3b1.svg]
[www.siloamhospitals.com/assets/tz-7fa97f71.svg]
[www.siloamhospitals.com/assets/tz-0130959e.svg]
[www.siloamhospitals.com/assets/ua-2d869c23.svg]
[www.siloamhospitals.com/assets/ua-fd9ad29b.svg]
[www.siloamhospitals.com/assets/ug-1b9f3a17.svg]
[www.siloamhospitals.com/assets/ug-06e928bb.svg]
[www.siloamhospitals.com/assets/um-0cbf7a17.svg]
[www.siloamhospitals.com/assets/um-58e347e9.svg]
[www.siloamhospitals.com/assets/us-553867d3.svg]
[www.siloamhospitals.com/assets/us-740efcc1.svg]
[www.siloamhospitals.com/assets/uy-3a18a094.svg]
[www.siloamhospitals.com/assets/uy-1b07da41.svg]
[www.siloamhospitals.com/assets/uz-f5f13057.svg]
[www.siloamhospitals.com/assets/uz-0d059f47.svg]
[www.siloamhospitals.com/assets/va-24701344.svg]
[www.siloamhospitals.com/assets/va-b46ebf1a.svg]
[www.siloamhospitals.com/assets/vc-6357f389.svg]
[www.siloamhospitals.com/assets/vc-2ef7fd06.svg]
[www.siloamhospitals.com/assets/ve-4a331236.svg]
[www.siloamhospitals.com/assets/ve-5005d69f.svg]
[www.siloamhospitals.com/assets/vg-ad72d6eb.svg]
[www.siloamhospitals.com/assets/vg-f2cf67f2.svg]
[www.siloamhospitals.com/assets/vi-8db50145.svg]
[www.siloamhospitals.com/assets/vi-9a9baae2.svg]
[www.siloamhospitals.com/assets/vn-2ac15179.svg]
[www.siloamhospitals.com/assets/vn-cc93480c.svg]
[www.siloamhospitals.com/assets/vu-612e2497.svg]
[www.siloamhospitals.com/assets/vu-f61a101c.svg]
[www.siloamhospitals.com/assets/wf-c7863248.svg]
[www.siloamhospitals.com/assets/wf-904c226f.svg]
[www.siloamhospitals.com/assets/ws-6b1a7ebc.svg]
[www.siloamhospitals.com/assets/ws-48d15d76.svg]
[www.siloamhospitals.com/assets/ye-dc5607f4.svg]
[www.siloamhospitals.com/assets/ye-15c1b50c.svg]
[www.siloamhospitals.com/assets/yt-2eb50fcf.svg]
[www.siloamhospitals.com/assets/yt-7fa7f850.svg]
[www.siloamhospitals.com/assets/za-91238fb5.svg]
[www.siloamhospitals.com/assets/za-4ed696bd.svg]
[www.siloamhospitals.com/assets/zm-dced1cb7.svg]
[www.siloamhospitals.com/assets/zm-8a105b73.svg]
[www.siloamhospitals.com/assets/zw-8629d7c5.svg]
[www.siloamhospitals.com/assets/zw-66b55a96.svg]
[www.siloamhospitals.com/assets/ac-a4ddad70.svg]
[www.siloamhospitals.com/assets/ac-7f066d2b.svg]
[www.siloamhospitals.com/assets/cp-907b4b54.svg]
[www.siloamhospitals.com/assets/cp-582fc375.svg]
[www.siloamhospitals.com/assets/dg-347ef660.svg]
[www.siloamhospitals.com/assets/dg-aa35d3b2.svg]
[www.siloamhospitals.com/assets/ea-e86d317d.svg]
[www.siloamhospitals.com/assets/ea-bb4ff4a8.svg]
[www.siloamhospitals.com/assets/es-ct-11229703.svg]
[www.siloamhospitals.com/assets/es-ct-95f4033c.svg]
[www.siloamhospitals.com/assets/es-ga-0f1c2551.svg]
[www.siloamhospitals.com/assets/es-ga-1955fb3b.svg]
[www.siloamhospitals.com/assets/eu-f8fd4ae7.svg]
[www.siloamhospitals.com/assets/eu-605225b6.svg]
[www.siloamhospitals.com/assets/gb-eng-53797ba9.svg]
[www.siloamhospitals.com/assets/gb-eng-2dd36838.svg]
[www.siloamhospitals.com/assets/gb-nir-ae91c319.svg]
[www.siloamhospitals.com/assets/gb-nir-14593385.svg]
[www.siloamhospitals.com/assets/gb-sct-7b55bce7.svg]
[www.siloamhospitals.com/assets/gb-sct-19ed371e.svg]
[www.siloamhospitals.com/assets/gb-wls-3a95845d.svg]
[www.siloamhospitals.com/assets/gb-wls-d3c5b996.svg]
[www.siloamhospitals.com/assets/ic-9a584e04.svg]
[www.siloamhospitals.com/assets/ic-4e5a5e63.svg]
[www.siloamhospitals.com/assets/ta-3a19b022.svg]
[www.siloamhospitals.com/assets/ta-d8fc0858.svg]
[www.siloamhospitals.com/assets/un-d8446e2c.svg]
[www.siloamhospitals.com/assets/un-a7c66b36.svg]
[www.siloamhospitals.com/assets/xk-69f770ff.svg]
[www.siloamhospitals.com/assets/xk-b55b1b7c.svg]
[www.siloamhospitals.com/assets/radio_button_on-523e40e1.svg]
[www.siloamhospitals.com/assets/radio_button_off-091ab1d2.svg]
[www.siloamhospitals.com/assets/radio_button_off-35102045.svg]
