[themeim.com/demo/treker/index04b9.html]
[backblue.gif]
[fade.gif]
[index.html]
[themeim.com/demo/treker/css/bootstrap.css]
[themeim.com/demo/treker/css/style.css]
[themeim.com/demo/treker/images/favicon.png]
[themeim.com/demo/treker/css/responsive.css]
[themeim.com/demo/treker/index.html]
[themeim.com/demo/treker/images/logo.svg]
[themeim.com/demo/treker/index-2.html]
[themeim.com/demo/treker/about.html]
[themeim.com/demo/treker/team.html]
[themeim.com/demo/treker/team-member.html]
[themeim.com/demo/treker/faq.html]
[themeim.com/demo/treker/gallery.html]
[themeim.com/demo/treker/shop.html]
[themeim.com/demo/treker/product-single.html]
[themeim.com/demo/treker/wishlist.html]
[themeim.com/demo/treker/shopping-cart.html]
[themeim.com/demo/treker/checkout.html]
[themeim.com/demo/treker/signup.html]
[themeim.com/demo/treker/login.html]
[themeim.com/demo/treker/reset-password.html]
[themeim.com/demo/treker/destinations.html]
[themeim.com/demo/treker/trekking.html]
[themeim.com/demo/treker/activities.html]
[themeim.com/demo/treker/destinations-2.html]
[themeim.com/demo/treker/tours.html]
[themeim.com/demo/treker/packages.html]
[themeim.com/demo/treker/packages-2.html]
[themeim.com/demo/treker/booking.html]
[themeim.com/demo/treker/terms-conditions.html]
[themeim.com/demo/treker/error-page.html]
[themeim.com/demo/treker/blog.html]
[themeim.com/demo/treker/blog-2.html]
[themeim.com/demo/treker/blog-single.html]
[themeim.com/demo/treker/contact.html]
[themeim.com/demo/treker/images/icons/menu-icon.svg]
[themeim.com/demo/treker/images/resource/shop/shop-thumb-1.jpg]
[themeim.com/demo/treker/images/main-slider/banner-bg-text.svg]
[themeim.com/demo/treker/images/icons/logo-icon.svg]
[themeim.com/demo/treker/images/icons/video-icon-1.svg]
[themeim.com/demo/treker/images/main-slider/banner-image-1.svg]
[themeim.com/demo/treker/images/resource/about-stone-right.svg]
[themeim.com/demo/treker/images/resource/about-image-2.jpg]
[themeim.com/demo/treker/images/resource/about-vector-1.png]
[themeim.com/demo/treker/images/resource/about-image-1.svg]
[themeim.com/demo/treker/images/background/image-1.jpg]
[themeim.com/demo/treker/images/resource/f-image-1.jpg]
[themeim.com/demo/treker/images/resource/f-image-2.jpg]
[themeim.com/demo/treker/images/resource/f-image-3.jpg]
[themeim.com/demo/treker/images/resource/stones-left.svg]
[themeim.com/demo/treker/images/resource/stones-right.svg]
[themeim.com/demo/treker/images/resource/icon-1.svg]
[themeim.com/demo/treker/images/resource/icon-2.svg]
[themeim.com/demo/treker/images/resource/icon-3.svg]
[themeim.com/demo/treker/images/resource/icon-4.svg]
[themeim.com/demo/treker/images/resource/icon-5.svg]
[themeim.com/demo/treker/images/resource/icon-6.svg]
[themeim.com/demo/treker/images/resource/why-image-1.svg]
[themeim.com/demo/treker/images/resource/gallery-1.jpg]
[themeim.com/demo/treker/images/resource/gallery-2.jpg]
[themeim.com/demo/treker/images/resource/gallery-3.jpg]
[themeim.com/demo/treker/images/resource/gallery-4.jpg]
[themeim.com/demo/treker/images/resource/gallery-5.jpg]
[themeim.com/demo/treker/images/resource/gallery-6.jpg]
[themeim.com/demo/treker/images/resource/shop/prod-1.jpg]
[themeim.com/demo/treker/images/resource/shop/prod-2.jpg]
[themeim.com/demo/treker/images/resource/shop/prod-3.jpg]
[themeim.com/demo/treker/images/resource/shop/prod-4.jpg]
[themeim.com/demo/treker/images/resource/shop/prod-5.jpg]
[themeim.com/demo/treker/images/resource/shop/prod-6.jpg]
[themeim.com/demo/treker/images/resource/shop/prod-7.jpg]
[themeim.com/demo/treker/images/resource/shop/prod-8.jpg]
[themeim.com/demo/treker/images/background/image-2.jpg]
[themeim.com/demo/treker/images/background/image-3.jpg]
[themeim.com/demo/treker/images/icons/quotes-1.svg]
[themeim.com/demo/treker/images/resource/testi-thumb-1.jpg]
[themeim.com/demo/treker/images/resource/testi-thumb-2.jpg]
[themeim.com/demo/treker/images/background/testi-image-1.jpg]
[themeim.com/demo/treker/images/resource/sponsor-1.png]
[themeim.com/demo/treker/images/resource/sponsor-2.png]
[themeim.com/demo/treker/images/resource/sponsor-3.png]
[themeim.com/demo/treker/images/resource/sponsor-4.png]
[themeim.com/demo/treker/images/resource/news-1.jpg]
[themeim.com/demo/treker/images/resource/news-2.jpg]
[themeim.com/demo/treker/images/resource/news-3.jpg]
[themeim.com/demo/treker/images/background/newsletter-bg.png]
[themeim.com/demo/treker/images/resource/newsletter-image.svg]
[themeim.com/demo/treker/images/background/f-bottom-bg.svg]
[themeim.com/demo/treker/images/resource/footer-stones.svg]
[themeim.com/demo/treker/images/resource/footer-thumb-1.jpg]
[themeim.com/demo/treker/images/resource/footer-thumb-2.jpg]
[themeim.com/demo/treker/images/resource/footer-thumb-3.jpg]
[themeim.com/demo/treker/images/resource/footer-thumb-4.jpg]
[themeim.com/demo/treker/images/resource/footer-thumb-5.jpg]
[themeim.com/demo/treker/images/resource/footer-thumb-6.jpg]
[themeim.com/demo/treker/images/icons/arrow-up.svg]
[themeim.com/cdn-cgi/scripts/5c5dd728/cloudflare-static/email-decode.min.js]
[themeim.com/demo/treker/js/jquery.js]
[themeim.com/demo/treker/js/popper.min.js]
[themeim.com/demo/treker/js/bootstrap.min.js]
[themeim.com/demo/treker/js/jquery-ui.js]
[themeim.com/demo/treker/js/jquery.fancybox.js]
[themeim.com/demo/treker/js/isotope.js]
[themeim.com/demo/treker/js/touchspin.js]
[themeim.com/demo/treker/js/owl.js]
[themeim.com/demo/treker/js/wow.js]
[themeim.com/demo/treker/js/custom-script.js]
[themeim.com/demo/treker/index04b9.html]
[themeim.com/demo/treker/css/bootstrap.css]
[themeim.com/demo/treker/css/font-awesome.css]
[themeim.com/demo/treker/css/simple-line-icons.css]
[themeim.com/demo/treker/css/animate.css]
[themeim.com/demo/treker/css/owl.css]
[themeim.com/demo/treker/css/jquery-ui.css]
[themeim.com/demo/treker/css/custom-animate.css]
[themeim.com/demo/treker/css/jquery.fancybox.min.css]
[themeim.com/demo/treker/css/jquery.bootstrap-touchspin.css]
[themeim.com/demo/treker/css/odometer-theme-default.css]
[themeim.com/demo/treker/images/icons/preloader.svg]
[themeim.com/demo/treker/images/icons/icon-select.png]
[themeim.com/demo/treker/images/icons/title-vector.svg]
[themeim.com/demo/treker/images/icons/title-vector-2.svg]
[themeim.com/demo/treker/images/background/banner-pattern.png]
[themeim.com/demo/treker/images/icons/check-icon.png]
[themeim.com/demo/treker/images/background/pattern-layer.png]
[themeim.com/demo/treker/css/style.css]
[themeim.com/demo/treker/css/responsive.css]
[themeim.com/demo/treker/index.html]
[themeim.com/demo/treker/images/logo.svg]
[themeim.com/demo/treker/images/main-slider/banner-stones-left.svg]
[themeim.com/demo/treker/images/main-slider/banner-stones-right.svg]
[themeim.com/demo/treker/images/main-slider/banner-image-3.svg]
[themeim.com/demo/treker/images/main-slider/banner-image-4.svg]
[themeim.com/demo/treker/images/main-slider/banner-image-2.svg]
[themeim.com/demo/treker/images/background/pattern-1.png]
[themeim.com/demo/treker/images/resource/about-stone-two.svg]
[themeim.com/demo/treker/images/resource/about-image-2.png]
[themeim.com/demo/treker/images/resource/gallery-7.jpg]
[themeim.com/demo/treker/images/resource/gallery-8.jpg]
[themeim.com/demo/treker/images/resource/gallery-9.jpg]
[themeim.com/demo/treker/images/background/image-4.jpg]
[themeim.com/demo/treker/images/icons/quotes-2.svg]
[themeim.com/demo/treker/images/resource/rev-thumb-1.png]
[themeim.com/demo/treker/images/resource/rev-thumb-2.png]
[themeim.com/demo/treker/images/resource/rev-thumb-3.png]
[themeim.com/demo/treker/images/background/image-5.png]
[themeim.com/demo/treker/images/resource/stones-alt.svg]
[themeim.com/demo/treker/images/background/footer-bg.png]
[themeim.com/demo/treker/js/bxslider.js]
[themeim.com/demo/treker/index-2.html]
[themeim.com/demo/treker/images/background/banner-image-1.jpg]
[themeim.com/demo/treker/images/resource/hills-image.svg]
[themeim.com/demo/treker/images/resource/about-icon-1.svg]
[themeim.com/demo/treker/images/resource/about-icon-2.svg]
[themeim.com/demo/treker/images/resource/about-thumb-1.jpg]
[themeim.com/demo/treker/images/resource/signature-1.png]
[themeim.com/demo/treker/images/resource/about-image-3.svg]
[themeim.com/demo/treker/images/background/image-6.jpg]
[themeim.com/demo/treker/images/icons/video-icon-2.svg]
[themeim.com/demo/treker/images/background/image-7.jpg]
[themeim.com/demo/treker/images/resource/f-icon-1.svg]
[themeim.com/demo/treker/images/resource/f-icon-2.svg]
[themeim.com/demo/treker/images/resource/f-icon-3.svg]
[themeim.com/demo/treker/images/resource/f-icon-4.svg]
[themeim.com/demo/treker/images/icons/quotes-3.svg]
[themeim.com/demo/treker/images/resource/rev-thumb-4.png]
[themeim.com/demo/treker/images/resource/team-icon-left.svg]
[themeim.com/demo/treker/images/resource/team-1.jpg]
[themeim.com/demo/treker/images/icons/phone-call.svg]
[themeim.com/demo/treker/images/resource/team-2.jpg]
[themeim.com/demo/treker/images/resource/team-3.jpg]
[themeim.com/demo/treker/about.html]
[themeim.com/demo/treker/images/resource/stones-right-2.svg]
[themeim.com/demo/treker/images/resource/team-4.jpg]
[themeim.com/demo/treker/images/resource/team-5.jpg]
[themeim.com/demo/treker/images/resource/team-6.jpg]
[themeim.com/demo/treker/team.html]
[themeim.com/demo/treker/images/resource/dotted-pattern-1.png]
[themeim.com/demo/treker/images/resource/team-7.jpg]
[themeim.com/demo/treker/images/icons/phone-1.svg]
[themeim.com/demo/treker/images/icons/email-1.svg]
[themeim.com/demo/treker/images/icons/quotes-4.svg]
[themeim.com/demo/treker/team-member.html]
[themeim.com/demo/treker/js/mixitup.js]
[themeim.com/demo/treker/faq.html]
[themeim.com/demo/treker/images/resource/floated-icon-right-2.svg]
[themeim.com/demo/treker/images/resource/gallery-10.jpg]
[themeim.com/demo/treker/images/icons/zoom-icon.svg]
[themeim.com/demo/treker/images/resource/gallery-11.jpg]
[themeim.com/demo/treker/images/resource/gallery-12.jpg]
[themeim.com/demo/treker/images/resource/gallery-13.jpg]
[themeim.com/demo/treker/images/resource/gallery-14.jpg]
[themeim.com/demo/treker/images/resource/gallery-15.jpg]
[themeim.com/demo/treker/images/resource/gallery-16.jpg]
[themeim.com/demo/treker/images/resource/gallery-17.jpg]
[themeim.com/demo/treker/images/resource/gallery-18.jpg]
[themeim.com/demo/treker/images/resource/gallery-19.jpg]
[themeim.com/demo/treker/images/resource/gallery-20.jpg]
[themeim.com/demo/treker/images/resource/gallery-21.jpg]
[themeim.com/demo/treker/gallery.html]
[themeim.com/demo/treker/images/resource/plant-icon.svg]
[themeim.com/demo/treker/shop.html]
[themeim.com/demo/treker/images/resource/shop/shop-single-1.jpg]
[themeim.com/demo/treker/images/icons/zoom-2.svg]
[themeim.com/demo/treker/images/resource/shop/shop-thumb-2.jpg]
[themeim.com/demo/treker/images/resource/shop/shop-thumb-3.jpg]
[themeim.com/demo/treker/images/resource/shop/rev-thumb-shop.png]
[themeim.com/demo/treker/product-single.html]
[themeim.com/demo/treker/images/resource/shop/s-cart-thumb.jpg]
[themeim.com/demo/treker/wishlist.html]
[themeim.com/demo/treker/shopping-cart.html]
[themeim.com/demo/treker/images/icons/coupon-icon.svg]
[themeim.com/demo/treker/checkout.html]
[themeim.com/demo/treker/signup.html]
[themeim.com/demo/treker/login.html]
[themeim.com/demo/treker/reset-password.html]
[themeim.com/demo/treker/images/resource/tour-7.jpg]
[themeim.com/demo/treker/images/resource/tour-8.jpg]
[themeim.com/demo/treker/images/resource/tour-9.jpg]
[themeim.com/demo/treker/images/resource/tour-10.jpg]
[themeim.com/demo/treker/images/resource/tour-11.jpg]
[themeim.com/demo/treker/images/resource/tour-12.jpg]
[themeim.com/demo/treker/images/resource/tour-13.jpg]
[themeim.com/demo/treker/images/resource/tour-14.jpg]
[themeim.com/demo/treker/images/resource/tour-15.jpg]
[themeim.com/demo/treker/js/appear.js]
[themeim.com/demo/treker/js/odometer.js]
[themeim.com/demo/treker/destinations.html]
[themeim.com/demo/treker/images/resource/hills-image-2.svg]
[themeim.com/demo/treker/images/resource/f-image-4.jpg]
[themeim.com/demo/treker/images/resource/f-image-5.jpg]
[themeim.com/demo/treker/trekking.html]
[themeim.com/demo/treker/images/resource/faq-image-1.svg]
[themeim.com/demo/treker/images/resource/activity-1.jpg]
[themeim.com/demo/treker/images/icons/location-1.svg]
[themeim.com/demo/treker/images/resource/activity-2.jpg]
[themeim.com/demo/treker/images/resource/activity-3.jpg]
[themeim.com/demo/treker/images/resource/activity-4.jpg]
[themeim.com/demo/treker/images/resource/activity-5.jpg]
[themeim.com/demo/treker/images/resource/activity-6.jpg]
[themeim.com/demo/treker/activities.html]
[themeim.com/demo/treker/images/resource/tour-1.jpg]
[themeim.com/demo/treker/images/resource/tour-2.jpg]
[themeim.com/demo/treker/images/resource/tour-3.jpg]
[themeim.com/demo/treker/images/resource/tour-4.jpg]
[themeim.com/demo/treker/images/resource/tour-5.jpg]
[themeim.com/demo/treker/images/resource/tour-6.jpg]
[themeim.com/demo/treker/destinations-2.html]
[themeim.com/demo/treker/images/background/banner-3.jpg]
[themeim.com/demo/treker/images/icons/duration.svg]
[themeim.com/demo/treker/images/icons/category-icon.svg]
[themeim.com/demo/treker/images/icons/team-group.svg]
[themeim.com/demo/treker/images/icons/share-icon.svg]
[themeim.com/demo/treker/images/icons/review-icon.svg]
[themeim.com/demo/treker/images/icons/heart-icon-1.svg]
[themeim.com/demo/treker/images/icons/tour-guide.svg]
[themeim.com/demo/treker/images/icons/bill.svg]
[themeim.com/demo/treker/images/icons/passport.svg]
[themeim.com/demo/treker/images/icons/travel-insurance.svg]
[themeim.com/demo/treker/images/icons/ship.svg]
[themeim.com/demo/treker/images/icons/calendar.svg]
[themeim.com/demo/treker/images/icons/key.svg]
[themeim.com/demo/treker/images/icons/events.svg]
[themeim.com/demo/treker/images/resource/faq-1.jpg]
[themeim.com/demo/treker/images/resource/hotel.jpg]
[themeim.com/demo/treker/images/resource/gallery.jpg]
[themeim.com/demo/treker/images/background/booking-bg.jpg]
[themeim.com/demo/treker/images/background/category-1.jpg]
[themeim.com/demo/treker/images/background/category-2.jpg]
[themeim.com/demo/treker/images/background/category-3.jpg]
[themeim.com/demo/treker/images/background/category-4.jpg]
[themeim.com/demo/treker/images/background/buy.jpg]
[themeim.com/demo/treker/images/icons/buy-treker.svg]
[themeim.com/demo/treker/images/resource/activity-7.jpg]
[themeim.com/demo/treker/images/resource/activity-8.jpg]
[themeim.com/demo/treker/images/resource/activity-9.jpg]
[themeim.com/demo/treker/tours.html]
[themeim.com/demo/treker/images/background/banner-1.jpg]
[themeim.com/demo/treker/images/icons/location.svg]
[themeim.com/demo/treker/images/icons/speedometer.svg]
[themeim.com/demo/treker/images/icons/hill.svg]
[themeim.com/demo/treker/images/icons/campings.svg]
[themeim.com/demo/treker/images/icons/toilet.svg]
[themeim.com/demo/treker/images/icons/kitchen-tool.svg]
[themeim.com/demo/treker/images/icons/lights.svg]
[themeim.com/demo/treker/images/icons/smoking.svg]
[themeim.com/demo/treker/images/icons/wifi-signal.svg]
[themeim.com/demo/treker/images/background/pattern-2.png]
[themeim.com/demo/treker/packages.html]
[themeim.com/demo/treker/images/background/banner-2.jpg]
[themeim.com/demo/treker/images/icons/banned.svg]
[themeim.com/demo/treker/images/icons/printer.svg]
[themeim.com/demo/treker/images/icons/queue.svg]
[themeim.com/demo/treker/images/icons/ticket.svg]
[themeim.com/demo/treker/packages-2.html]
[themeim.com/demo/treker/images/resource/stones-right-3.svg]
[themeim.com/demo/treker/booking.html]
[themeim.com/demo/treker/terms-conditions.html]
[themeim.com/demo/treker/images/background/not-found-bg.jpg]
[themeim.com/demo/treker/images/resource/404-cloud-left.svg]
[themeim.com/demo/treker/images/resource/404-cloud-right.svg]
[themeim.com/demo/treker/images/resource/404-image.svg]
[themeim.com/demo/treker/error-page.html]
[themeim.com/demo/treker/images/resource/post-thumb-1.jpg]
[themeim.com/demo/treker/images/resource/post-thumb-2.jpg]
[themeim.com/demo/treker/images/resource/post-thumb-3.jpg]
[themeim.com/demo/treker/blog.html]
[themeim.com/demo/treker/images/resource/news-4.jpg]
[themeim.com/demo/treker/blog-2.html]
[themeim.com/demo/treker/images/resource/news-5.jpg]
[themeim.com/demo/treker/images/resource/news-6.jpg]
[themeim.com/demo/treker/images/icons/quote-icon.svg]
[themeim.com/demo/treker/images/resource/author-1.jpg]
[themeim.com/demo/treker/images/resource/news-7.jpg]
[themeim.com/demo/treker/images/resource/author-2.jpg]
[themeim.com/demo/treker/blog-single.html]
[themeim.com/demo/treker/images/resource/europe-map.svg]
[themeim.com/demo/treker/images/resource/asia-map.svg]
[themeim.com/demo/treker/images/resource/north-america-map.svg]
[themeim.com/demo/treker/images/resource/world-map.svg]
[themeim.com/demo/treker/images/icons/loc-hover.svg]
[themeim.com/demo/treker/contact.html]
[themeim.com/demo/treker/images/icons/menu-icon.svg]
[themeim.com/demo/treker/images/main-slider/banner-bg-text.svg]
[themeim.com/demo/treker/images/icons/logo-icon.svg]
[themeim.com/demo/treker/images/icons/video-icon-1.svg]
[themeim.com/demo/treker/images/main-slider/banner-image-1.svg]
[themeim.com/demo/treker/images/resource/about-stone-right.svg]
[themeim.com/demo/treker/images/resource/about-image-1.svg]
[themeim.com/demo/treker/images/resource/stones-left.svg]
[themeim.com/demo/treker/images/resource/stones-right.svg]
[themeim.com/demo/treker/images/resource/icon-1.svg]
[themeim.com/demo/treker/images/resource/icon-2.svg]
[themeim.com/demo/treker/images/resource/icon-3.svg]
[themeim.com/demo/treker/images/resource/icon-4.svg]
[themeim.com/demo/treker/images/resource/icon-5.svg]
[themeim.com/demo/treker/images/resource/icon-6.svg]
[themeim.com/demo/treker/images/resource/why-image-1.svg]
[themeim.com/demo/treker/images/icons/quotes-1.svg]
[themeim.com/demo/treker/images/resource/newsletter-image.svg]
[themeim.com/demo/treker/images/background/f-bottom-bg.svg]
[themeim.com/demo/treker/images/resource/footer-stones.svg]
[themeim.com/demo/treker/images/icons/arrow-up.svg]
[themeim.com/demo/treker/fonts/fa-brands-400.woff2]
[themeim.com/demo/treker/fonts/fa-brands-400.ttf]
[themeim.com/demo/treker/fonts/fa-duotone-900.woff2]
[themeim.com/demo/treker/fonts/fa-light-300.woff2]
[themeim.com/demo/treker/fonts/fa-duotone-900.ttf]
[themeim.com/demo/treker/fonts/fa-light-300.ttf]
[themeim.com/demo/treker/fonts/fa-regular-400.woff2]
[themeim.com/demo/treker/fonts/fa-regular-400.ttf]
[themeim.com/demo/treker/fonts/fa-solid-900.woff2]
[themeim.com/demo/treker/fonts/fa-solid-900.ttf]
[themeim.com/demo/treker/fonts/fa-thin-100.woff2]
[themeim.com/demo/treker/fonts/fa-v4compatibility.woff2]
[themeim.com/demo/treker/fonts/fa-thin-100.ttf]
[themeim.com/demo/treker/fonts/fa-v4compatibility.ttf]
[themeim.com/demo/treker/css/font-awesome.css]
[themeim.com/demo/treker/fonts/Simple-Line-Iconsb26c.eot]
[themeim.com/demo/treker/fonts/Simple-Line-Iconsb26c.woff2]
[themeim.com/demo/treker/fonts/Simple-Line-Iconsb26c.ttf]
[themeim.com/demo/treker/fonts/Simple-Line-Iconsb26c.woff]
[themeim.com/demo/treker/css/simple-line-icons.css]
[themeim.com/demo/treker/css/animate.css]
[themeim.com/demo/treker/fonts/Simple-Line-Iconsb26c.svg]
[themeim.com/demo/treker/css/owl.css]
[themeim.com/demo/treker/css/images/ui-icons_444444_256x240.png]
[themeim.com/demo/treker/css/images/ui-icons_555555_256x240.png]
[themeim.com/demo/treker/css/jquery-ui.css]
[themeim.com/demo/treker/css/custom-animate.css]
[themeim.com/demo/treker/css/jquery.fancybox.min.css]
[themeim.com/demo/treker/css/jquery.bootstrap-touchspin.css]
[themeim.com/demo/treker/css/odometer-theme-default.css]
[themeim.com/demo/treker/images/icons/preloader.svg]
[themeim.com/demo/treker/images/icons/title-vector.svg]
[themeim.com/demo/treker/images/icons/title-vector-2.svg]
[themeim.com/demo/treker/images/main-slider/banner-stones-left.svg]
[themeim.com/demo/treker/images/main-slider/banner-stones-right.svg]
[themeim.com/demo/treker/images/main-slider/banner-image-4.svg]
[themeim.com/demo/treker/images/main-slider/banner-image-3.svg]
[themeim.com/demo/treker/images/main-slider/banner-image-2.svg]
[themeim.com/demo/treker/images/resource/about-stone-two.svg]
[themeim.com/demo/treker/images/icons/quotes-2.svg]
[themeim.com/demo/treker/images/resource/stones-alt.svg]
[themeim.com/demo/treker/images/resource/hills-image.svg]
[themeim.com/demo/treker/images/resource/about-icon-1.svg]
[themeim.com/demo/treker/images/resource/about-icon-2.svg]
[themeim.com/demo/treker/images/resource/about-image-3.svg]
[themeim.com/demo/treker/images/icons/video-icon-2.svg]
[themeim.com/demo/treker/images/resource/f-icon-1.svg]
[themeim.com/demo/treker/images/resource/f-icon-2.svg]
[themeim.com/demo/treker/images/resource/f-icon-3.svg]
[themeim.com/demo/treker/images/resource/f-icon-4.svg]
[themeim.com/demo/treker/images/icons/quotes-3.svg]
[themeim.com/demo/treker/images/resource/team-icon-left.svg]
[themeim.com/demo/treker/images/icons/phone-call.svg]
[themeim.com/demo/treker/images/resource/stones-right-2.svg]
[themeim.com/demo/treker/images/icons/phone-1.svg]
[themeim.com/demo/treker/images/icons/email-1.svg]
[themeim.com/demo/treker/images/icons/quotes-4.svg]
[themeim.com/demo/treker/images/resource/floated-icon-right-2.svg]
[themeim.com/demo/treker/images/icons/zoom-icon.svg]
[themeim.com/demo/treker/images/resource/plant-icon.svg]
[themeim.com/demo/treker/images/icons/zoom-2.svg]
[themeim.com/demo/treker/images/icons/coupon-icon.svg]
[themeim.com/demo/treker/images/resource/hills-image-2.svg]
[themeim.com/demo/treker/images/resource/faq-image-1.svg]
[themeim.com/demo/treker/images/icons/location-1.svg]
[themeim.com/demo/treker/images/icons/duration.svg]
[themeim.com/demo/treker/images/icons/category-icon.svg]
[themeim.com/demo/treker/images/icons/team-group.svg]
[themeim.com/demo/treker/images/icons/share-icon.svg]
[themeim.com/demo/treker/images/icons/review-icon.svg]
[themeim.com/demo/treker/images/icons/heart-icon-1.svg]
[themeim.com/demo/treker/images/icons/tour-guide.svg]
[themeim.com/demo/treker/images/icons/bill.svg]
[themeim.com/demo/treker/images/icons/passport.svg]
[themeim.com/demo/treker/images/icons/travel-insurance.svg]
[themeim.com/demo/treker/images/icons/ship.svg]
[themeim.com/demo/treker/images/icons/calendar.svg]
[themeim.com/demo/treker/images/icons/key.svg]
[themeim.com/demo/treker/images/icons/events.svg]
[themeim.com/demo/treker/images/icons/buy-treker.svg]
[themeim.com/demo/treker/images/icons/location.svg]
[themeim.com/demo/treker/images/icons/speedometer.svg]
[themeim.com/demo/treker/images/icons/hill.svg]
[themeim.com/demo/treker/images/icons/campings.svg]
[themeim.com/demo/treker/images/icons/toilet.svg]
[themeim.com/demo/treker/images/icons/kitchen-tool.svg]
[themeim.com/demo/treker/images/icons/lights.svg]
[themeim.com/demo/treker/images/icons/smoking.svg]
[themeim.com/demo/treker/images/icons/wifi-signal.svg]
[themeim.com/demo/treker/images/icons/banned.svg]
[themeim.com/demo/treker/images/icons/printer.svg]
[themeim.com/demo/treker/images/icons/queue.svg]
[themeim.com/demo/treker/images/icons/ticket.svg]
[themeim.com/demo/treker/images/resource/stones-right-3.svg]
[themeim.com/demo/treker/images/resource/404-cloud-left.svg]
[themeim.com/demo/treker/images/resource/404-cloud-right.svg]
[themeim.com/demo/treker/images/resource/404-image.svg]
[themeim.com/demo/treker/images/icons/quote-icon.svg]
[themeim.com/demo/treker/images/resource/europe-map.svg]
[themeim.com/demo/treker/images/resource/asia-map.svg]
[themeim.com/demo/treker/images/resource/north-america-map.svg]
[themeim.com/demo/treker/images/resource/world-map.svg]
[themeim.com/demo/treker/images/icons/loc-hover.svg]
[themeim.com/demo/treker/fonts/Simple-Line-Iconsb26c.svg]
